[pixelpiernyc.vamtam.com/index.html]
[backblue.gif]
[fade.gif]
[index.html]
[pixelpiernyc.vamtam.com/wp-content/uploads/2023/11/GettyImages-1487864067.jpg]
[pixelpiernyc.vamtam.com/wp-content/themes/pixelpiernyc/vamtam/assets/images/loader-ring.gif]
[pixelpiernyc.vamtam.com/wp-content/plugins/instagram-feed-pro/css/sbi-styles.mina149.css]
[pixelpiernyc.vamtam.com/comments/feed/index.html]
[pixelpiernyc.vamtam.com/feed/index.html]
[pixelpiernyc.vamtam.com/wp-content/plugins/elementor/assets/css/frontend.min415f.css]
[pixelpiernyc.vamtam.com/wp-content/uploads/elementor/css/post-489db.css]
[pixelpiernyc.vamtam.com/wp-content/plugins/elementor/assets/css/widget-image.min415f.css]
[pixelpiernyc.vamtam.com/wp-content/plugins/elementor-pro/assets/css/modules/sticky.min415f.css]
[pixelpiernyc.vamtam.com/wp-content/plugins/elementor/assets/css/widget-spacer.min415f.css]
[pixelpiernyc.vamtam.com/wp-content/plugins/elementor/assets/css/widget-heading.min415f.css]
[pixelpiernyc.vamtam.com/wp-content/plugins/elementor-pro/assets/css/widget-nav-menu.min415f.css]
[pixelpiernyc.vamtam.com/wp-content/plugins/elementor/assets/lib/animations/styles/fadeInUp.min415f.css]
[pixelpiernyc.vamtam.com/wp-content/plugins/elementor/assets/lib/animations/styles/fadeInDown.min415f.css]
[pixelpiernyc.vamtam.com/wp-content/plugins/elementor/assets/lib/animations/styles/fadeIn.min415f.css]
[pixelpiernyc.vamtam.com/wp-content/plugins/elementor-pro/assets/css/conditionals/popup.min415f.css]
[pixelpiernyc.vamtam.com/wp-content/cache/min/1/wp-content/plugins/elementor/assets/lib/eicons/css/elementor-icons.minc116.css]
[pixelpiernyc.vamtam.com/wp-content/cache/min/1/wp-content/uploads/elementor/custom-icons/theme-icons/stylec116.css]
[pixelpiernyc.vamtam.com/wp-content/cache/min/1/wp-content/plugins/elementor/assets/lib/font-awesome/css/all.minc116.css]
[pixelpiernyc.vamtam.com/wp-content/plugins/elementor/assets/lib/font-awesome/css/v4-shims.min415f.css]
[pixelpiernyc.vamtam.com/wp-content/plugins/elementor-pro/assets/css/widget-animated-headline.min415f.css]
[pixelpiernyc.vamtam.com/wp-content/plugins/elementor/assets/lib/animations/styles/e-animation-pulse-grow.min415f.css]
[pixelpiernyc.vamtam.com/wp-content/plugins/elementor/assets/lib/animations/styles/bounceIn.min415f.css]
[pixelpiernyc.vamtam.com/wp-content/plugins/elementor-pro/assets/css/modules/motion-fx.min415f.css]
[pixelpiernyc.vamtam.com/wp-content/plugins/elementor/assets/css/widget-social-icons.min415f.css]
[pixelpiernyc.vamtam.com/wp-content/plugins/elementor/assets/css/conditionals/apple-webkit.min415f.css]
[pixelpiernyc.vamtam.com/wp-content/plugins/elementor/assets/lib/swiper/v8/css/swiper.min94a4.css]
[pixelpiernyc.vamtam.com/wp-content/plugins/elementor/assets/css/conditionals/e-swiper.min415f.css]
[pixelpiernyc.vamtam.com/wp-content/plugins/elementor-pro/assets/css/widget-loop-common.min415f.css]
[pixelpiernyc.vamtam.com/wp-content/plugins/elementor-pro/assets/css/widget-loop-carousel.min415f.css]
[pixelpiernyc.vamtam.com/wp-content/plugins/elementor/assets/lib/animations/styles/zoomIn.min415f.css]
[pixelpiernyc.vamtam.com/wp-content/plugins/elementor-pro/assets/css/widget-testimonial-carousel.min415f.css]
[pixelpiernyc.vamtam.com/wp-content/plugins/elementor-pro/assets/css/widget-carousel-module-base.min415f.css]
[pixelpiernyc.vamtam.com/wp-content/plugins/elementor/assets/css/widget-image-carousel.min415f.css]
[pixelpiernyc.vamtam.com/wp-content/uploads/elementor/css/post-6312e2.css]
[pixelpiernyc.vamtam.com/wp-content/uploads/elementor/css/post-34989db.css]
[pixelpiernyc.vamtam.com/wp-content/uploads/elementor/css/post-103789db.css]
[pixelpiernyc.vamtam.com/wp-content/uploads/elementor/css/post-393289db.css]
[pixelpiernyc.vamtam.com/wp-content/cache/min/1/wp-content/themes/pixelpiernyc/vamtam/assets/css/dist/elementor/elementor-allc116.css]
[pixelpiernyc.vamtam.com/wp-content/themes/pixelpiernyc/vamtam/assets/fonts/icons/icomoon.woff2]
[pixelpiernyc.vamtam.com/wp-content/themes/pixelpiernyc/vamtam/assets/fonts/icons/icomoon.woff]
[pixelpiernyc.vamtam.com/wp-content/themes/pixelpiernyc/vamtam/assets/fonts/icons/icomoon.ttf]
[pixelpiernyc.vamtam.com/wp-content/themes/pixelpiernyc/vamtam/assets/fonts/theme-icons/theme-icons.woff2]
[pixelpiernyc.vamtam.com/wp-content/themes/pixelpiernyc/vamtam/assets/fonts/theme-icons/theme-icons.woff]
[pixelpiernyc.vamtam.com/wp-content/uploads/2023/10/PlusJakartaSans-Regular.ttf]
[pixelpiernyc.vamtam.com/wp-content/uploads/2023/10/PlusJakartaSans-Medium.ttf]
[pixelpiernyc.vamtam.com/wp-content/uploads/2023/10/PlusJakartaSans-SemiBold.ttf]
[pixelpiernyc.vamtam.com/wp-content/uploads/2023/10/PlusJakartaSans-Light.ttf]
[pixelpiernyc.vamtam.com/wp-content/themes/pixelpiernyc/vamtam/assets/css/dist/elementor/responsive/elementor-max1c9e.css]
[pixelpiernyc.vamtam.com/wp-content/themes/pixelpiernyc/vamtam/assets/css/dist/elementor/responsive/elementor-below-max1c9e.css]
[pixelpiernyc.vamtam.com/wp-content/themes/pixelpiernyc/vamtam/assets/css/dist/elementor/responsive/elementor-small1c9e.css]
[pixelpiernyc.vamtam.com/wp-content/plugins/wp-rocket/assets/img/youtube.png]
[pixelpiernyc.vamtam.com/wp-content/plugins/elementor/assets/lib/font-awesome/css/fontawesome.min52d5.css]
[pixelpiernyc.vamtam.com/wp-content/cache/min/1/wp-content/plugins/elementor/assets/lib/font-awesome/css/solid.minc116.css]
[pixelpiernyc.vamtam.com/wp-content/cache/min/1/wp-content/plugins/elementor/assets/lib/font-awesome/css/brands.min1abc.css]
[pixelpiernyc.vamtam.com/wp-includes/js/jquery/jquery.minf43b.js]
[pixelpiernyc.vamtam.com/wp-includes/js/jquery/jquery-migrate.min5589.js]
[pixelpiernyc.vamtam.com/wp-content/plugins/elementor-pro/assets/js/page-transitions.min415f.js]
[pixelpiernyc.vamtam.com/wp-content/plugins/elementor/assets/lib/font-awesome/js/v4-shims.min415f.js]
[pixelpiernyc.vamtam.com/wp-json/wp/v2/pages/63.json]
[pixelpiernyc.vamtam.com/wp-json/index.html]
[pixelpiernyc.vamtam.com/xmlrpc.3a0db0.delayed]
[pixelpiernyc.vamtam.com/wp-json/oembed/1.0/embeddb11.json]
[pixelpiernyc.vamtam.com/wp-json/oembed/1.0/embedf700]
[pixelpiernyc.vamtam.com/wp-content/uploads/2023/10/logo-symbol.svg]
[pixelpiernyc.vamtam.com/wp-content/uploads/2023/10/logo-light.svg]
[pixelpiernyc.vamtam.com/wp-content/uploads/2023/12/pmv-chamara-mTFzk87Lt_w-unsplash-2.jpg]
[pixelpiernyc.vamtam.com/wp-content/uploads/2023/10/studio-blackthorns-9jJhIfbEQtU-unsplash.jpg]
[pixelpiernyc.vamtam.com/tag/art-direction/index.html]
[pixelpiernyc.vamtam.com/tag/user-research/index.html]
[pixelpiernyc.vamtam.com/wp-content/uploads/2023/10/curology-29wToZsX0Is-unsplash-1.jpg]
[pixelpiernyc.vamtam.com/tag/user-testing/index.html]
[pixelpiernyc.vamtam.com/wp-content/uploads/2023/10/mk-2-7R1eUOlI24M-unsplash.jpg]
[pixelpiernyc.vamtam.com/tag/branding/index.html]
[pixelpiernyc.vamtam.com/tag/strategy/index.html]
[pixelpiernyc.vamtam.com/2023/10/25/symphony/index.html]
[pixelpiernyc.vamtam.com/wp-content/uploads/2023/12/tech-device-with-nature-background.jpg]
[pixelpiernyc.vamtam.com/tag/website-design/index.html]
[pixelpiernyc.vamtam.com/2023/10/25/beyond/index.html]
[pixelpiernyc.vamtam.com/wp-content/uploads/2023/12/rahul-chakraborty-3lYooa_fYTk-unsplash.jpg]
[pixelpiernyc.vamtam.com/tag/website/index.html]
[pixelpiernyc.vamtam.com/2023/10/25/gomi/index.html]
[pixelpiernyc.vamtam.com/wp-content/uploads/2023/10/GettyImages-1456747446-1.svg]
[pixelpiernyc.vamtam.com/tag/ux-ui-design/index.html]
[pixelpiernyc.vamtam.com/tag/performance-and-growth/index.html]
[pixelpiernyc.vamtam.com/2023/10/25/cafe-fugaz/index.html]
[pixelpiernyc.vamtam.com/services.html]
[pixelpiernyc.vamtam.com/work/index.html]
[pixelpiernyc.vamtam.com/2023/10/25/bunero/index.html]
[pixelpiernyc.vamtam.com/2023/10/25/castro-capital/index.html]
[pixelpiernyc.vamtam.com/wp-content/uploads/2023/10/GettyImages-1456747446-2.svg]
[pixelpiernyc.vamtam.com/about/index.html]
[pixelpiernyc.vamtam.com/wp-content/uploads/2023/10/GettyImages-1444653136.svg]
[pixelpiernyc.vamtam.com/services/index.html]
[pixelpiernyc.vamtam.com/wp-content/uploads/2023/10/GettyImages-1207574548.svg]
[pixelpiernyc.vamtam.com/wp-content/uploads/2023/10/blur-spot-1011x1024.png]
[pixelpiernyc.vamtam.com/wp-content/uploads/2023/10/logo-1.svg]
[pixelpiernyc.vamtam.com/wp-content/uploads/2023/10/logo-2.svg]
[pixelpiernyc.vamtam.com/wp-content/uploads/2023/10/logo-3.svg]
[pixelpiernyc.vamtam.com/wp-content/uploads/2023/10/logo-4.svg]
[pixelpiernyc.vamtam.com/wp-content/uploads/2023/10/logo-5.svg]
[pixelpiernyc.vamtam.com/wp-content/uploads/2023/10/Quote.svg]
[pixelpiernyc.vamtam.com/wp-content/uploads/2023/10/pexels-tima-miroshnichenko-6914344.jpg]
[pixelpiernyc.vamtam.com/wp-content/uploads/2023/10/GettyImages-1098257020.jpg]
[pixelpiernyc.vamtam.com/wp-content/uploads/2023/10/GettyImages-1327495670.jpg]
[pixelpiernyc.vamtam.com/wp-content/uploads/2023/10/pexels-ingrid-santana-1878687.jpg]
[pixelpiernyc.vamtam.com/wp-content/uploads/2023/10/GettyImages-1437209113.jpg]
[pixelpiernyc.vamtam.com/about.html]
[pixelpiernyc.vamtam.com/wp-content/uploads/2023/10/pexels-anete-lusina-4793174.jpg]
[pixelpiernyc.vamtam.com/careers/index.html]
[pixelpiernyc.vamtam.com/wp-content/uploads/2023/10/pexels-anete-lusina-4793174-768x502.jpg]
[pixelpiernyc.vamtam.com/wp-content/uploads/2023/10/GettyImages-1403883358-square.jpg]
[pixelpiernyc.vamtam.com/wp-content/uploads/2023/10/GettyImages-1403883358-square-768x768.jpg]
[pixelpiernyc.vamtam.com/wp-content/uploads/2023/10/redd-f-rt1R5wtY31Q-unsplash.jpg]
[pixelpiernyc.vamtam.com/wp-content/uploads/2023/10/redd-f-rt1R5wtY31Q-unsplash-768x962.jpg]
[pixelpiernyc.vamtam.com/wp-content/uploads/2023/10/GettyImages-1522039485.jpg]
[pixelpiernyc.vamtam.com/wp-content/uploads/2023/10/GettyImages-1522039485-768x502.jpg]
[pixelpiernyc.vamtam.com/wp-content/uploads/2023/10/GettyImages-1174091858.jpg]
[pixelpiernyc.vamtam.com/wp-content/uploads/2023/10/GettyImages-1174091858-768x502.jpg]
[pixelpiernyc.vamtam.com/cdn-cgi/l/email-protection.html]
[pixelpiernyc.vamtam.com/cdn-cgi/scripts/5c5dd728/cloudflare-static/email-decode.min.js]
[pixelpiernyc.vamtam.com/contact/index.html]
[pixelpiernyc.vamtam.com/privacy-policy/index.html]
[pixelpiernyc.vamtam.com/wp-content/plugins/elementor-pro/assets/css/widget-post-info.min415f.css]
[pixelpiernyc.vamtam.com/personal/index.html]
[pixelpiernyc.vamtam.com/branding-agency/index.html]
[pixelpiernyc.vamtam.com/wp-content/plugins/elementor/assets/css/widget-icon-list.min415f.css]
[pixelpiernyc.vamtam.com/horizontal-layout/index.html]
[pixelpiernyc.vamtam.com/blog/index.html]
[pixelpiernyc.vamtam.com/wp-content/cache/min/1/wp-content/plugins/elementor/assets/lib/font-awesome/css/regular.minf35b.css]
[pixelpiernyc.vamtam.com/wp-content/uploads/elementor/css/post-87112e2.css]
[pixelpiernyc.vamtam.com/wp-content/plugins/elementor/assets/lib/animations/styles/e-animation-grow.min415f.css]
[pixelpiernyc.vamtam.com/wp-content/uploads/elementor/css/post-94512e2.css]
[pixelpiernyc.vamtam.com/wp-content/uploads/elementor/css/post-95412e2.css]
[pixelpiernyc.vamtam.com/wp-content/uploads/elementor/css/post-95512e2.css]
[pixelpiernyc.vamtam.com/wp-content/themes/pixelpiernyc/vamtam/assets/js/all.min1c9e.js]
[pixelpiernyc.vamtam.com/wp-content/plugins/elementor-pro/assets/lib/instant-page/instant-page.min415f.js]
[pixelpiernyc.vamtam.com/wp-content/plugins/elementor/assets/js/webpack.runtime.min415f.js]
[pixelpiernyc.vamtam.com/wp-content/plugins/elementor/assets/js/frontend-modules.min415f.js]
[pixelpiernyc.vamtam.com/wp-includes/js/jquery/ui/core.minb37e.js]
[pixelpiernyc.vamtam.com/wp-content/plugins/elementor/assets/js/frontend.min415f.js]
[pixelpiernyc.vamtam.com/wp-content/plugins/elementor-pro/assets/lib/sticky/jquery.sticky.min415f.js]
[pixelpiernyc.vamtam.com/wp-content/plugins/elementor-pro/assets/lib/smartmenus/jquery.smartmenus.min1576.js]
[pixelpiernyc.vamtam.com/wp-includes/js/imagesloaded.minbb93.js]
[pixelpiernyc.vamtam.com/wp-content/plugins/elementor/assets/lib/swiper/v8/swiper.min94a4.js]
[pixelpiernyc.vamtam.com/wp-content/plugins/vamtam-elementor-integration-pixelpiernyc/assets/js/widgets/heading/vamtam-heading.min6191.js]
[pixelpiernyc.vamtam.com/wp-content/plugins/vamtam-elementor-integration-pixelpiernyc/assets/js/widgets/nav-menu/vamtam-nav-menu.min6191.js]
[pixelpiernyc.vamtam.com/wp-content/plugins/elementor-pro/assets/js/webpack-pro.runtime.min415f.js]
[pixelpiernyc.vamtam.com/wp-includes/js/dist/hooks.min4fdd.js]
[pixelpiernyc.vamtam.com/wp-includes/js/dist/i18n.minc33c.js]
[pixelpiernyc.vamtam.com/wp-content/plugins/elementor-pro/assets/js/frontend.min415f.js]
[pixelpiernyc.vamtam.com/wp-content/plugins/elementor-pro/assets/js/elements-handlers.min415f.js]
[pixelpiernyc.vamtam.com/wp-content/plugins/elementor/assets/lib/dialog/dialog.mincbf4.js]
[pixelpiernyc.vamtam.com/wp-content/plugins/vamtam-elementor-integration-pixelpiernyc/assets/js/vamtam-elementor-frontend.min6191.js]
[pixelpiernyc.vamtam.com/wp-content/plugins/wp-rocket/assets/js/lazyload/17.8.3/lazyload.min.js]
[pixelpiernyc.vamtam.com/index.html]
[pixelpiernyc.vamtam.com/wp-content/plugins/instagram-feed-pro/img/sbi-sprite.png]
[pixelpiernyc.vamtam.com/wp-content/plugins/instagram-feed-pro/img/small-logo.png]
[pixelpiernyc.vamtam.com/wp-content/plugins/instagram-feed-pro/css/sbi-styles.mina149.css]
[pixelpiernyc.vamtam.com/wp-content/plugins/elementor/assets/css/frontend.min415f.css]
[pixelpiernyc.vamtam.com/wp-content/uploads/elementor/css/post-489db.css]
[pixelpiernyc.vamtam.com/wp-content/plugins/elementor/assets/css/widget-image.min415f.css]
[pixelpiernyc.vamtam.com/wp-content/plugins/elementor-pro/assets/css/modules/sticky.min415f.css]
[pixelpiernyc.vamtam.com/wp-content/plugins/elementor/assets/css/widget-spacer.min415f.css]
[pixelpiernyc.vamtam.com/wp-content/plugins/elementor/assets/css/widget-heading.min415f.css]
[pixelpiernyc.vamtam.com/wp-content/plugins/elementor-pro/assets/css/widget-nav-menu.min415f.css]
[pixelpiernyc.vamtam.com/wp-content/plugins/elementor/assets/lib/animations/styles/fadeInUp.min415f.css]
[pixelpiernyc.vamtam.com/wp-content/plugins/elementor/assets/lib/animations/styles/fadeInDown.min415f.css]
[pixelpiernyc.vamtam.com/wp-content/plugins/elementor/assets/lib/animations/styles/fadeIn.min415f.css]
[pixelpiernyc.vamtam.com/wp-content/plugins/elementor-pro/assets/css/conditionals/popup.min415f.css]
[pixelpiernyc.vamtam.com/wp-content/plugins/elementor/assets/lib/eicons/fonts/eicons4518.eot]
[pixelpiernyc.vamtam.com/wp-content/plugins/elementor/assets/lib/eicons/fonts/eicons4518.woff2]
[pixelpiernyc.vamtam.com/wp-content/plugins/elementor/assets/lib/eicons/fonts/eicons4518.woff]
[pixelpiernyc.vamtam.com/wp-content/plugins/elementor/assets/lib/eicons/fonts/eicons4518.ttf]
[pixelpiernyc.vamtam.com/wp-content/cache/min/1/wp-content/plugins/elementor/assets/lib/eicons/css/elementor-icons.minc116.css]
[pixelpiernyc.vamtam.com/wp-content/plugins/elementor/assets/lib/eicons/fonts/eicons4518.svg]
[pixelpiernyc.vamtam.com/wp-content/uploads/elementor/custom-icons/theme-icons/fonts/theme-icons51b0.eot]
[pixelpiernyc.vamtam.com/wp-content/uploads/elementor/custom-icons/theme-icons/fonts/theme-icons51b0.ttf]
[pixelpiernyc.vamtam.com/wp-content/uploads/elementor/custom-icons/theme-icons/fonts/theme-icons51b0.woff]
[pixelpiernyc.vamtam.com/wp-content/cache/min/1/wp-content/uploads/elementor/custom-icons/theme-icons/stylec116.css]
[pixelpiernyc.vamtam.com/wp-content/uploads/elementor/custom-icons/theme-icons/fonts/theme-icons51b0.svg]
[pixelpiernyc.vamtam.com/wp-content/plugins/elementor/assets/lib/font-awesome/webfonts/fa-brands-400.eot]
[pixelpiernyc.vamtam.com/wp-content/plugins/elementor/assets/lib/font-awesome/webfonts/fa-brands-400d41d.eot]
[pixelpiernyc.vamtam.com/wp-content/plugins/elementor/assets/lib/font-awesome/webfonts/fa-brands-400.woff2]
[pixelpiernyc.vamtam.com/wp-content/plugins/elementor/assets/lib/font-awesome/webfonts/fa-brands-400.woff]
[pixelpiernyc.vamtam.com/wp-content/plugins/elementor/assets/lib/font-awesome/webfonts/fa-brands-400.ttf]
[pixelpiernyc.vamtam.com/wp-content/plugins/elementor/assets/lib/font-awesome/webfonts/fa-regular-400.eot]
[pixelpiernyc.vamtam.com/wp-content/plugins/elementor/assets/lib/font-awesome/webfonts/fa-brands-400.svg]
[pixelpiernyc.vamtam.com/wp-content/plugins/elementor/assets/lib/font-awesome/webfonts/fa-regular-400d41d.eot]
[pixelpiernyc.vamtam.com/wp-content/plugins/elementor/assets/lib/font-awesome/webfonts/fa-regular-400.woff2]
[pixelpiernyc.vamtam.com/wp-content/plugins/elementor/assets/lib/font-awesome/webfonts/fa-regular-400.woff]
[pixelpiernyc.vamtam.com/wp-content/plugins/elementor/assets/lib/font-awesome/webfonts/fa-regular-400.ttf]
[pixelpiernyc.vamtam.com/wp-content/plugins/elementor/assets/lib/font-awesome/webfonts/fa-regular-400.svg]
[pixelpiernyc.vamtam.com/wp-content/plugins/elementor/assets/lib/font-awesome/webfonts/fa-solid-900.eot]
[pixelpiernyc.vamtam.com/wp-content/plugins/elementor/assets/lib/font-awesome/webfonts/fa-solid-900d41d.eot]
[pixelpiernyc.vamtam.com/wp-content/plugins/elementor/assets/lib/font-awesome/webfonts/fa-solid-900.woff2]
[pixelpiernyc.vamtam.com/wp-content/plugins/elementor/assets/lib/font-awesome/webfonts/fa-solid-900.woff]
[pixelpiernyc.vamtam.com/wp-content/plugins/elementor/assets/lib/font-awesome/webfonts/fa-solid-900.ttf]
[pixelpiernyc.vamtam.com/wp-content/cache/min/1/wp-content/plugins/elementor/assets/lib/font-awesome/css/all.minc116.css]
[pixelpiernyc.vamtam.com/wp-content/plugins/elementor/assets/lib/font-awesome/css/v4-shims.min415f.css]
[pixelpiernyc.vamtam.com/wp-content/plugins/elementor-pro/assets/css/widget-animated-headline.min415f.css]
[pixelpiernyc.vamtam.com/wp-content/plugins/elementor/assets/lib/animations/styles/e-animation-pulse-grow.min415f.css]
[pixelpiernyc.vamtam.com/wp-content/plugins/elementor/assets/lib/animations/styles/bounceIn.min415f.css]
[pixelpiernyc.vamtam.com/wp-content/plugins/elementor-pro/assets/css/modules/motion-fx.min415f.css]
[pixelpiernyc.vamtam.com/wp-content/plugins/elementor/assets/css/widget-social-icons.min415f.css]
[pixelpiernyc.vamtam.com/wp-content/plugins/elementor/assets/css/conditionals/apple-webkit.min415f.css]
[pixelpiernyc.vamtam.com/wp-content/plugins/elementor/assets/lib/swiper/v8/css/swiper.min94a4.css]
[pixelpiernyc.vamtam.com/wp-content/plugins/elementor/assets/css/conditionals/e-swiper.min415f.css]
[pixelpiernyc.vamtam.com/wp-content/plugins/elementor-pro/assets/css/widget-loop-common.min415f.css]
[pixelpiernyc.vamtam.com/wp-content/plugins/elementor-pro/assets/css/widget-loop-carousel.min415f.css]
[pixelpiernyc.vamtam.com/wp-content/plugins/elementor/assets/lib/animations/styles/zoomIn.min415f.css]
[pixelpiernyc.vamtam.com/wp-content/plugins/elementor-pro/assets/css/widget-testimonial-carousel.min415f.css]
[pixelpiernyc.vamtam.com/wp-content/plugins/elementor-pro/assets/css/widget-carousel-module-base.min415f.css]
[pixelpiernyc.vamtam.com/wp-content/plugins/elementor/assets/css/widget-image-carousel.min415f.css]
[pixelpiernyc.vamtam.com/wp-content/uploads/2023/10/arrow-link.svg]
[pixelpiernyc.vamtam.com/wp-content/plugins/elementor/assets/lib/font-awesome/webfonts/fa-solid-900.svg]
[pixelpiernyc.vamtam.com/wp-content/uploads/2023/11/GettyImages-1487864067-edit.jpg]
[pixelpiernyc.vamtam.com/wp-content/uploads/elementor/css/post-6312e2.css]
[pixelpiernyc.vamtam.com/wp-content/uploads/elementor/css/post-34989db.css]
[pixelpiernyc.vamtam.com/wp-content/uploads/elementor/css/post-103789db.css]
[pixelpiernyc.vamtam.com/wp-content/uploads/elementor/css/post-393289db.css]
[pixelpiernyc.vamtam.com/wp-content/cache/min/1/wp-content/themes/pixelpiernyc/vamtam/assets/css/dist/elementor/elementor-allc116.css]
[pixelpiernyc.vamtam.com/wp-content/themes/pixelpiernyc/vamtam/assets/css/dist/elementor/responsive/elementor-max1c9e.css]
[pixelpiernyc.vamtam.com/wp-content/themes/pixelpiernyc/vamtam/assets/css/dist/elementor/responsive/elementor-below-max1c9e.css]
[pixelpiernyc.vamtam.com/wp-content/themes/pixelpiernyc/vamtam/assets/css/dist/elementor/responsive/elementor-small1c9e.css]
[pixelpiernyc.vamtam.com/wp-content/plugins/elementor/assets/lib/font-awesome/css/fontawesome.min52d5.css]
[pixelpiernyc.vamtam.com/wp-content/cache/min/1/wp-content/plugins/elementor/assets/lib/font-awesome/css/solid.minc116.css]
[pixelpiernyc.vamtam.com/wp-content/cache/min/1/wp-content/plugins/elementor/assets/lib/font-awesome/css/brands.min1abc.css]
[pixelpiernyc.vamtam.com/xmlrpc0db0.html]
[pixelpiernyc.vamtam.com/wp-content/uploads/2023/10/logo-symbol.svg]
[pixelpiernyc.vamtam.com/wp-content/uploads/2023/10/logo-light.svg]
[pixelpiernyc.vamtam.com/wp-content/plugins/elementor-pro/assets/css/widget-loop-grid.min415f.css]
[pixelpiernyc.vamtam.com/wp-content/uploads/elementor/css/post-11362cd23.css]
[pixelpiernyc.vamtam.com/tag/art-direction/feed/index.html]
[pixelpiernyc.vamtam.com/wp-json/wp/v2/tags/8.json]
[pixelpiernyc.vamtam.com/wp-content/uploads/2023/11/1.jpg]
[pixelpiernyc.vamtam.com/wp-content/uploads/2023/11/GettyImages-1193048894.jpg]
[pixelpiernyc.vamtam.com/tag/e-commerce/index.html]
[pixelpiernyc.vamtam.com/2023/10/20/the-wood/index.html]
[pixelpiernyc.vamtam.com/wp-content/uploads/2023/10/dylann-hendricks-x0GwymmyqNk-unsplash.jpg]
[pixelpiernyc.vamtam.com/tag/brand-guideline/index.html]
[pixelpiernyc.vamtam.com/tag/packaging/index.html]
[pixelpiernyc.vamtam.com/2023/10/20/jooly/index.html]
[pixelpiernyc.vamtam.com/wp-content/uploads/2023/11/pexels-jess-loiterton-5232686.jpg]
[pixelpiernyc.vamtam.com/tag/art-direction/index.html]
[pixelpiernyc.vamtam.com/2023/10/20/tom-brawn/index.html]
[pixelpiernyc.vamtam.com/tag/social-media/index.html]
[pixelpiernyc.vamtam.com/tag/content/index.html]
[pixelpiernyc.vamtam.com/tag/medicine/index.html]
[pixelpiernyc.vamtam.com/2023/10/20/carmen/index.html]
[pixelpiernyc.vamtam.com/tag/user-research/feed/index.html]
[pixelpiernyc.vamtam.com/tag/user-research/index.html]
[pixelpiernyc.vamtam.com/wp-json/wp/v2/tags/12.json]
[pixelpiernyc.vamtam.com/wp-json/wp/v2/tags/13.json]
[pixelpiernyc.vamtam.com/tag/user-testing/index.html]
[pixelpiernyc.vamtam.com/xmlrpc.php]
[pixelpiernyc.vamtam.com/tag/user-testing/feed/index.html]
[pixelpiernyc.vamtam.com/wp-content/uploads/elementor/css/post-1079450bc.css]
[pixelpiernyc.vamtam.com/wp-content/uploads/elementor/css/post-5190c116.css]
[pixelpiernyc.vamtam.com/2023/10/25/symphony/feed/index.html]
[pixelpiernyc.vamtam.com/wp-json/wp/v2/posts/10794.json]
[pixelpiernyc.vamtam.com/wp-json/oembed/1.0/embedad84.json]
[pixelpiernyc.vamtam.com/wp-json/oembed/1.0/embedb366]
[pixelpiernyc.vamtam.com/wp-content/uploads/2023/10/photo-1675589052003-d8099ff51a6e.jpg]
[pixelpiernyc.vamtam.com/wp-content/uploads/2023/10/photo-1593697724892-0f9fcc7ed24e.jpg]
[pixelpiernyc.vamtam.com/wp-content/uploads/2023/10/photo-1618366712010-f4ae9c647dcb.jpg]
[pixelpiernyc.vamtam.com/wp-content/uploads/2023/10/photo-1583781884006-cfb2e4813c0a.jpg]
[pixelpiernyc.vamtam.com/wp-content/uploads/2023/10/photo-1549546641-74ce8f344f55-1536x1023.jpg]
[pixelpiernyc.vamtam.com/wp-content/uploads/2023/10/photo-1693841114632-bc1c2760bbfd.jpg]
[pixelpiernyc.vamtam.com/wp-content/uploads/2023/10/photo-1616750819287-955503f65d42.jpg]
[pixelpiernyc.vamtam.com/wp-content/uploads/2023/10/photo-1693841114664-fe9ef878f28a.jpg]
[pixelpiernyc.vamtam.com/wp-content/uploads/2023/10/photo-1583305727488-61f82c7eae4b.jpg]
[pixelpiernyc.vamtam.com/wp-content/uploads/2023/10/photo-1656457537704-11f3bcaee2fd.jpg]
[pixelpiernyc.vamtam.com/2023/10/25/symphony/index.html]
[pixelpiernyc.vamtam.com/wp-includes/js/comment-reply.min6c2d.js]
[pixelpiernyc.vamtam.com/wp-json/wp/v2/tags/9.json]
[pixelpiernyc.vamtam.com/wp-content/uploads/2023/12/pexels-karina-zhukovskaya-6446709-2.jpg]
[pixelpiernyc.vamtam.com/tag/branding/index.html]
[pixelpiernyc.vamtam.com/2023/10/25/mood/index.html]
[pixelpiernyc.vamtam.com/tag/branding/feed/index.html]
[pixelpiernyc.vamtam.com/wp-json/wp/v2/tags/23.json]
[pixelpiernyc.vamtam.com/tag/strategy/feed/index.html]
[pixelpiernyc.vamtam.com/tag/strategy/index.html]
[pixelpiernyc.vamtam.com/wp-content/plugins/wp-rocket/assets/js/wpr-beacon.min.js]
[pixelpiernyc.vamtam.com/wp-json/wp/v2/tags/24.json]
[pixelpiernyc.vamtam.com/tag/website-design/index.html]
[pixelpiernyc.vamtam.com/tag/website-design/feed/index.html]
[pixelpiernyc.vamtam.com/wp-content/uploads/elementor/css/post-3942770.css]
[pixelpiernyc.vamtam.com/wp-json/wp/v2/posts/394.json]
[pixelpiernyc.vamtam.com/wp-json/oembed/1.0/embed535a.json]
[pixelpiernyc.vamtam.com/wp-json/oembed/1.0/embed8c6e]
[pixelpiernyc.vamtam.com/wp-content/uploads/2023/10/pexels-ketut-subiyanto-5056090.jpg]
[pixelpiernyc.vamtam.com/wp-content/uploads/2023/10/monica-di-loxley-36RXyUGq_fU-unsplash.jpg]
[pixelpiernyc.vamtam.com/wp-content/uploads/2023/10/cat-han-PfSGnSeBK4E-unsplash.jpg]
[pixelpiernyc.vamtam.com/wp-content/uploads/2023/10/steve-cancel-ybxexK6umlM-unsplash.jpg]
[pixelpiernyc.vamtam.com/wp-content/uploads/2023/10/studio-blackthorns-XpPNzr_ZeRk-unsplash-1536x1023.jpg]
[pixelpiernyc.vamtam.com/wp-content/uploads/2023/10/studio-blackthorns-Om6SV-Pg31k-unsplash-2048x1365.jpg]
[pixelpiernyc.vamtam.com/wp-content/uploads/2023/10/studio-blackthorns-m6sUTVAjl5o-unsplash-2048x1365.jpg]
[pixelpiernyc.vamtam.com/2023/10/25/beyond/index.html]
[pixelpiernyc.vamtam.com/wp-json/wp/v2/tags/10.json]
[pixelpiernyc.vamtam.com/tag/website/index.html]
[pixelpiernyc.vamtam.com/wp-content/uploads/elementor/css/post-392c116.css]
[pixelpiernyc.vamtam.com/tag/website/feed/index.html]
[pixelpiernyc.vamtam.com/wp-json/wp/v2/posts/392.json]
[pixelpiernyc.vamtam.com/wp-json/oembed/1.0/embed0eab.json]
[pixelpiernyc.vamtam.com/wp-json/oembed/1.0/embedd642]
[pixelpiernyc.vamtam.com/wp-content/uploads/2023/10/photo-1556228841-7c69921649bb.jpg]
[pixelpiernyc.vamtam.com/wp-content/uploads/2023/10/photo-1585945037805-5fd82c2e60b1.jpg]
[pixelpiernyc.vamtam.com/wp-content/uploads/2023/10/photo-1556228841-7db5b6786a34.jpg]
[pixelpiernyc.vamtam.com/wp-content/uploads/2023/10/photo-1570554886111-e80fcca6a029.jpg]
[pixelpiernyc.vamtam.com/wp-content/uploads/2023/10/curology-7TlWZkpxCb0-unsplash-1-1536x1023.jpg]
[pixelpiernyc.vamtam.com/wp-content/uploads/2023/10/curology-DGH1u80sZik-unsplash.jpg]
[pixelpiernyc.vamtam.com/wp-content/uploads/2023/10/curology-VItxz6u036U-unsplash.jpg]
[pixelpiernyc.vamtam.com/wp-content/uploads/2023/10/photo-1556228578-6b39aba552d5.jpg]
[pixelpiernyc.vamtam.com/2023/10/25/gomi/index.html]
[pixelpiernyc.vamtam.com/wp-content/uploads/2023/10/photo-1556228720-74787810a501.jpg]
[pixelpiernyc.vamtam.com/wp-json/wp/v2/tags/11.json]
[pixelpiernyc.vamtam.com/tag/ux-ui-design/index.html]
[pixelpiernyc.vamtam.com/wp-content/uploads/elementor/css/post-4848b70.css]
[pixelpiernyc.vamtam.com/tag/ux-ui-design/feed/index.html]
[pixelpiernyc.vamtam.com/2023/10/25/cafe-fugaz/feed/index.html]
[pixelpiernyc.vamtam.com/wp-json/wp/v2/posts/484.json]
[pixelpiernyc.vamtam.com/wp-json/oembed/1.0/embedb4e5.json]
[pixelpiernyc.vamtam.com/wp-json/oembed/1.0/embed65d6]
[pixelpiernyc.vamtam.com/wp-content/uploads/2023/10/mk-2-gwNAgJqeAUo-unsplash.jpg]
[pixelpiernyc.vamtam.com/wp-content/uploads/2023/10/photo-1633533450371-4d3562ca227f.jpg]
[pixelpiernyc.vamtam.com/wp-content/uploads/2023/10/mk-2-wG6qTlEBMM8-unsplash.jpg]
[pixelpiernyc.vamtam.com/wp-content/uploads/2023/10/mk-2-XoiBIpYkPJA-unsplash.jpg]
[pixelpiernyc.vamtam.com/wp-content/uploads/2023/10/mk-2-ypeZtZBUW6E-unsplash-1536x1023.jpg]
[pixelpiernyc.vamtam.com/wp-content/uploads/2023/10/mk-2-zzHJ3VSKrZg-unsplash.jpg]
[pixelpiernyc.vamtam.com/wp-content/uploads/2023/10/mk-2-qG0ZWwd53Jk-unsplash.jpg]
[pixelpiernyc.vamtam.com/wp-content/uploads/2023/10/mk-2-wG6qTlEBMM8-unsplash-1.jpg]
[pixelpiernyc.vamtam.com/2023/10/25/cafe-fugaz/index.html]
[pixelpiernyc.vamtam.com/wp-content/plugins/elementor-pro/assets/css/widget-posts.min415f.css]
[pixelpiernyc.vamtam.com/wp-content/uploads/elementor/css/post-9827442c.css]
[pixelpiernyc.vamtam.com/tag/performance-and-growth/feed/index.html]
[pixelpiernyc.vamtam.com/wp-json/wp/v2/tags/46.json]
[pixelpiernyc.vamtam.com/wp-content/uploads/2023/12/tech-device-with-nature-background-1024x614.jpg]
[pixelpiernyc.vamtam.com/tag/performance-and-growth/index.html]
[pixelpiernyc.vamtam.com/wp-content/plugins/vamtam-elementor-integration-pixelpiernyc/assets/js/widgets/posts-base/vamtam-posts-base.min6191.js]
[pixelpiernyc.vamtam.com/wp-content/uploads/elementor/css/post-10774b993.css]
[pixelpiernyc.vamtam.com/2023/10/25/bunero/feed/index.html]
[pixelpiernyc.vamtam.com/wp-json/wp/v2/posts/10774.json]
[pixelpiernyc.vamtam.com/wp-json/oembed/1.0/embed1230.json]
[pixelpiernyc.vamtam.com/wp-json/oembed/1.0/embedf205]
[pixelpiernyc.vamtam.com/wp-content/uploads/2023/10/1.jpg]
[pixelpiernyc.vamtam.com/wp-content/uploads/2023/10/pexels-cottonbro-studio-3952248-2.jpg]
[pixelpiernyc.vamtam.com/wp-content/uploads/2023/10/pexels-mathilde-langevin-13878208-2.jpg]
[pixelpiernyc.vamtam.com/wp-content/uploads/2023/10/project.jpg]
[pixelpiernyc.vamtam.com/wp-content/uploads/2023/10/print-1536x1023.jpg]
[pixelpiernyc.vamtam.com/2023/10/25/bunero/index.html]
[pixelpiernyc.vamtam.com/wp-content/uploads/elementor/css/post-108002692.css]
[pixelpiernyc.vamtam.com/2023/10/25/castro-capital/feed/index.html]
[pixelpiernyc.vamtam.com/wp-json/wp/v2/posts/10800.json]
[pixelpiernyc.vamtam.com/wp-json/oembed/1.0/embeded94.json]
[pixelpiernyc.vamtam.com/wp-json/oembed/1.0/embed91f6]
[pixelpiernyc.vamtam.com/wp-content/uploads/2023/10/mk-2-6MMaCjfY_u0-unsplash.jpg]
[pixelpiernyc.vamtam.com/wp-content/uploads/2023/10/mk-2-XjzrL-hp96g-unsplash.jpg]
[pixelpiernyc.vamtam.com/wp-content/uploads/2023/10/mk-2-EAjjG-BVOms-unsplash-e1702546400987.jpg]
[pixelpiernyc.vamtam.com/wp-content/uploads/2023/10/mk-2-YGAcYJAs6Zc-unsplash.jpg]
[pixelpiernyc.vamtam.com/wp-content/uploads/2023/10/mk-2-yeQfucZ-g2I-unsplash-1536x1023.jpg]
[pixelpiernyc.vamtam.com/wp-content/uploads/2023/10/photo-1636247498840-693054bb4bcc-2048x1102.jpg]
[pixelpiernyc.vamtam.com/wp-content/uploads/2023/10/mk-2-E6XStmd5wfk-unsplash-2048x1102.jpg]
[pixelpiernyc.vamtam.com/2023/10/25/castro-capital/index.html]
[pixelpiernyc.vamtam.com/wp-content/uploads/elementor/css/post-109799abe.css]
[pixelpiernyc.vamtam.com/wp-content/uploads/elementor/css/post-7246a551.css]
[pixelpiernyc.vamtam.com/wp-json/wp/v2/pages/10979.json]
[pixelpiernyc.vamtam.com/wp-json/oembed/1.0/embed7909.json]
[pixelpiernyc.vamtam.com/work/index.html]
[pixelpiernyc.vamtam.com/wp-json/oembed/1.0/embedc4b8]
[pixelpiernyc.vamtam.com/wp-content/uploads/2023/11/cherrydeck-D5bISElmYZQ-unsplash-2048x1048.jpg]
[pixelpiernyc.vamtam.com/wp-content/plugins/elementor/assets/css/widget-menu-anchor.min415f.css]
[pixelpiernyc.vamtam.com/wp-content/plugins/elementor/assets/css/widget-toggle.min415f.css]
[pixelpiernyc.vamtam.com/wp-content/uploads/elementor/css/post-1467968b.css]
[pixelpiernyc.vamtam.com/wp-json/wp/v2/pages/1467.json]
[pixelpiernyc.vamtam.com/wp-json/oembed/1.0/embed4ebe.json]
[pixelpiernyc.vamtam.com/wp-json/oembed/1.0/embed784f]
[pixelpiernyc.vamtam.com/wp-content/uploads/2023/11/pexels-tony-schnagl-5588213-2048x1048.jpg]
[pixelpiernyc.vamtam.com/wp-content/uploads/2023/11/headway-jfR5wu2hMI0-unsplash-2048x1048.jpg]
[pixelpiernyc.vamtam.com/wp-content/uploads/2023/11/jason-goodman-nF0nQuqBsrI-unsplash-2048x1048.jpg]
[pixelpiernyc.vamtam.com/wp-content/uploads/2023/11/pexels-fauxels-3182829.jpg]
[pixelpiernyc.vamtam.com/wp-content/uploads/2023/11/pexels-anastasia-shuraeva-9442066.jpg]
[pixelpiernyc.vamtam.com/wp-content/uploads/2023/11/pexels-pixabay-220453-2.jpg]
[pixelpiernyc.vamtam.com/wp-content/uploads/2023/11/pexels-daniel-xavier-1239288.jpg]
[pixelpiernyc.vamtam.com/wp-content/uploads/2023/11/pexels-italo-melo-2379005.jpg]
[pixelpiernyc.vamtam.com/wp-content/uploads/2023/11/pexels-andrea-piacquadio-774909-2.jpg]
[pixelpiernyc.vamtam.com/wp-content/uploads/2023/12/coiffure.svg]
[pixelpiernyc.vamtam.com/wp-content/uploads/2023/12/technologia.svg]
[pixelpiernyc.vamtam.com/2023/11/30/art-director/index.html]
[pixelpiernyc.vamtam.com/2023/11/30/senior-digital-producer-2/index.html]
[pixelpiernyc.vamtam.com/wp-content/uploads/2023/12/Fabrik.svg]
[pixelpiernyc.vamtam.com/wp-content/uploads/2023/12/machina.svg]
[pixelpiernyc.vamtam.com/wp-content/uploads/2023/11/caridad-1.svg]
[pixelpiernyc.vamtam.com/wp-content/uploads/2023/11/logo-4.svg]
[pixelpiernyc.vamtam.com/wp-content/uploads/2023/11/ativo.svg]
[pixelpiernyc.vamtam.com/wp-content/uploads/2023/11/Salute.svg]
[pixelpiernyc.vamtam.com/wp-content/uploads/2023/11/fiore-1.svg]
[pixelpiernyc.vamtam.com/wp-content/uploads/2023/11/debebe.svg]
[pixelpiernyc.vamtam.com/wp-content/uploads/2023/11/jolie-1.svg]
[pixelpiernyc.vamtam.com/wp-content/uploads/2023/11/konstruktion-1.svg]
[pixelpiernyc.vamtam.com/wp-content/uploads/2023/11/jud-mackrill-Of_m3hMsoAA-unsplash-687x1024.jpg]
[pixelpiernyc.vamtam.com/wp-content/uploads/2023/11/mika-baumeister-K47xNClfpyg-unsplash.jpg]
[pixelpiernyc.vamtam.com/wp-content/uploads/elementor/css/post-86033e84.css]
[pixelpiernyc.vamtam.com/wp-content/uploads/elementor/css/post-86003e84.css]
[pixelpiernyc.vamtam.com/wp-content/uploads/elementor/css/post-85973e84.css]
[pixelpiernyc.vamtam.com/about/index.html]
[pixelpiernyc.vamtam.com/wp-content/uploads/elementor/css/post-85933e84.css]
[pixelpiernyc.vamtam.com/wp-content/uploads/2023/12/Design.jpg]
[pixelpiernyc.vamtam.com/wp-content/uploads/elementor/css/post-1230a551.css]
[pixelpiernyc.vamtam.com/wp-json/wp/v2/pages/1230.json]
[pixelpiernyc.vamtam.com/wp-json/oembed/1.0/embed3c8b.json]
[pixelpiernyc.vamtam.com/wp-json/oembed/1.0/embedf2bd]
[pixelpiernyc.vamtam.com/services/index.html]
[pixelpiernyc.vamtam.com/wp-content/uploads/2023/12/Proven-Marketing.jpg]
[pixelpiernyc.vamtam.com/wp-content/uploads/2023/10/GettyImages-1456747446-1.svg]
[pixelpiernyc.vamtam.com/tag/logo-trademark/index.html]
[pixelpiernyc.vamtam.com/services.html]
[pixelpiernyc.vamtam.com/tag/target-audience/index.html]
[pixelpiernyc.vamtam.com/wp-content/uploads/2023/10/GettyImages-1456747446-2.svg]
[pixelpiernyc.vamtam.com/tag/branding-identity/index.html]
[pixelpiernyc.vamtam.com/wp-content/uploads/2023/10/GettyImages-1444653136.svg]
[pixelpiernyc.vamtam.com/tag/finance/index.html]
[pixelpiernyc.vamtam.com/wp-content/uploads/2023/10/GettyImages-1207574548.svg]
[pixelpiernyc.vamtam.com/wp-content/uploads/2023/10/logo-1.svg]
[pixelpiernyc.vamtam.com/wp-content/uploads/2023/10/logo-2.svg]
[pixelpiernyc.vamtam.com/wp-content/uploads/2023/10/logo-3.svg]
[pixelpiernyc.vamtam.com/wp-content/uploads/2023/10/logo-4.svg]
[pixelpiernyc.vamtam.com/wp-content/uploads/2023/10/logo-5.svg]
[pixelpiernyc.vamtam.com/wp-content/uploads/2023/10/Quote.svg]
[pixelpiernyc.vamtam.com/about.html]
[pixelpiernyc.vamtam.com/tag/product-marketing/index.html]
[pixelpiernyc.vamtam.com/tag/education/index.html]
[pixelpiernyc.vamtam.com/wp-content/uploads/2023/12/parabol-the-agile-meeting-toolbox-qSv1gwYEfa8-unsplash-2048x1065.jpg]
[pixelpiernyc.vamtam.com/tag/entertainment/index.html]
[pixelpiernyc.vamtam.com/wp-content/uploads/elementor/css/post-1051b57a.css]
[pixelpiernyc.vamtam.com/wp-json/wp/v2/pages/1051.json]
[pixelpiernyc.vamtam.com/wp-json/oembed/1.0/embede546.json]
[pixelpiernyc.vamtam.com/wp-json/oembed/1.0/embed7f35]
[pixelpiernyc.vamtam.com/wp-content/uploads/2023/12/pexels-rfstudio-3810792-2-687x1024.jpg]
[pixelpiernyc.vamtam.com/wp-content/uploads/2023/12/annie-spratt-MChSQHxGZrQ-unsplash-1.jpg]
[pixelpiernyc.vamtam.com/wp-content/uploads/2023/12/pexels-ivan-samkov-5428649-2048x1048.jpg]
[pixelpiernyc.vamtam.com/wp-content/uploads/2023/12/pexels-ivan-samkov-5428662-2048x1048.jpg]
[pixelpiernyc.vamtam.com/wp-content/uploads/2023/12/pexels-mart-production-7550298-3-2048x1048.jpg]
[pixelpiernyc.vamtam.com/careers/index.html]
[pixelpiernyc.vamtam.com/2023/11/30/ux-designer-intern-2/index.html]
[pixelpiernyc.vamtam.com/2023/11/30/freelance-designer-2/index.html]
[pixelpiernyc.vamtam.com/2023/11/30/associate-director-paid-media/index.html]
[pixelpiernyc.vamtam.com/wp-content/plugins/elementor-pro/assets/css/widget-form.min415f.css]
[pixelpiernyc.vamtam.com/wp-content/uploads/elementor/css/post-10533d4d.css]
[pixelpiernyc.vamtam.com/wp-json/wp/v2/pages/1053.json]
[pixelpiernyc.vamtam.com/wp-json/oembed/1.0/embede932.json]
[pixelpiernyc.vamtam.com/contact/index.html]
[pixelpiernyc.vamtam.com/wp-json/oembed/1.0/embed438c]
[pixelpiernyc.vamtam.com/cdn-cgi/l/email-protection.html]
[pixelpiernyc.vamtam.com/cdn-cgi/styles/cf.errors.css]
[pixelpiernyc.vamtam.com/wp-includes/css/dist/block-library/style.min6c2d.css]
[pixelpiernyc.vamtam.com/wp-content/uploads/elementor/css/post-37e07.css]
[pixelpiernyc.vamtam.com/privacy-policy/feed/index.html]
[pixelpiernyc.vamtam.com/wp-json/wp/v2/pages/3.json]
[pixelpiernyc.vamtam.com/wp-json/oembed/1.0/embed3846.json]
[pixelpiernyc.vamtam.com/privacy-policy/index.html]
[pixelpiernyc.vamtam.com/wp-admin/admin-ajax.html]
[pixelpiernyc.vamtam.com/wp-json/oembed/1.0/embed115c]
[pixelpiernyc.vamtam.com/wp-content/uploads/2023/12/volodymyr-kozhevnikov-106coBynOtc-unsplash.png]
[pixelpiernyc.vamtam.com/wp-content/plugins/elementor/assets/lib/animations/styles/slideInDown.min415f.css]
[pixelpiernyc.vamtam.com/wp-content/plugins/elementor/assets/lib/animations/styles/slideInUp.min415f.css]
[pixelpiernyc.vamtam.com/wp-content/uploads/elementor/css/post-13381f36.css]
[pixelpiernyc.vamtam.com/wp-content/uploads/elementor/css/post-21611f36.css]
[pixelpiernyc.vamtam.com/wp-content/uploads/elementor/css/post-14601f36.css]
[pixelpiernyc.vamtam.com/wp-json/wp/v2/pages/1338.json]
[pixelpiernyc.vamtam.com/wp-json/oembed/1.0/embed1405.json]
[pixelpiernyc.vamtam.com/wp-json/oembed/1.0/embed06d0]
[pixelpiernyc.vamtam.com/wp-content/uploads/2023/11/volodymyr-kozhevnikov-VwZuLjeTqqo-unsplash.jpg]
[pixelpiernyc.vamtam.com/wp-content/uploads/2023/12/240_resume_1.pdf]
[pixelpiernyc.vamtam.com/personal/240_resume_1.pdf]
[pixelpiernyc.vamtam.com/personal/index.html]
[pixelpiernyc.vamtam.com/wp-content/uploads/2023/10/GettyImages-1244351613.jpg]
[pixelpiernyc.vamtam.com/wp-content/plugins/elementor/assets/css/widget-divider.min415f.css]
[pixelpiernyc.vamtam.com/wp-content/uploads/elementor/css/post-41628d13.css]
[pixelpiernyc.vamtam.com/wp-content/uploads/elementor/css/post-57818d13.css]
[pixelpiernyc.vamtam.com/wp-content/uploads/elementor/css/post-66638d13.css]
[pixelpiernyc.vamtam.com/wp-content/uploads/elementor/css/post-71908d13.css]
[pixelpiernyc.vamtam.com/wp-json/wp/v2/pages/4162.json]
[pixelpiernyc.vamtam.com/wp-json/oembed/1.0/embed7d21.json]
[pixelpiernyc.vamtam.com/wp-json/oembed/1.0/embed376a]
[pixelpiernyc.vamtam.com/wp-content/uploads/2023/11/1-1536x1282.jpg]
[pixelpiernyc.vamtam.com/wp-content/uploads/2023/11/GettyImages-1193048894-1431x1536.jpg]
[pixelpiernyc.vamtam.com/wp-content/uploads/2023/11/2-1536x1281.jpg]
[pixelpiernyc.vamtam.com/2023/10/20/collect-branding/index.html]
[pixelpiernyc.vamtam.com/2023/10/20/inside-the-box/index.html]
[pixelpiernyc.vamtam.com/wp-content/uploads/2023/11/GettyImages-1409965331-1536x1414.jpg]
[pixelpiernyc.vamtam.com/2023/10/20/together-brand/index.html]
[pixelpiernyc.vamtam.com/wp-content/uploads/2023/11/pexels-created-stories-11464428.jpg]
[pixelpiernyc.vamtam.com/wp-content/uploads/2023/11/pexels-karina-zhukovskaya-6446709-2.jpg]
[pixelpiernyc.vamtam.com/wp-content/uploads/2023/11/Project.jpg]
[pixelpiernyc.vamtam.com/2023/10/20/grow/index.html]
[pixelpiernyc.vamtam.com/2023/10/20/brand-factory/index.html]
[pixelpiernyc.vamtam.com/wp-content/uploads/2023/11/2-1.jpg]
[pixelpiernyc.vamtam.com/2023/11/28/the-most-striking-branding-trends-in-2023/index.html]
[pixelpiernyc.vamtam.com/wp-content/uploads/2023/11/GettyImages-1471690759.jpg]
[pixelpiernyc.vamtam.com/wp-content/uploads/2023/11/1-1.jpg]
[pixelpiernyc.vamtam.com/2023/11/28/exploring-the-power-of-ai-2/index.html]
[pixelpiernyc.vamtam.com/wp-content/uploads/2023/11/pexels-google-deepmind-17485013.jpg]
[pixelpiernyc.vamtam.com/2023/11/28/12-factors-to-consider-when-designing-a-new-logo/index.html]
[pixelpiernyc.vamtam.com/wp-content/uploads/2023/11/pexels-google-deepmind-17485709.jpg]
[pixelpiernyc.vamtam.com/wp-content/uploads/2023/11/pexels-karolina-grabowska-4397898.jpg]
[pixelpiernyc.vamtam.com/branding-agency/index.html]
[pixelpiernyc.vamtam.com/2023/11/28/managing-up-building-meaningful-work-relationships-with-your-team/index.html]
[pixelpiernyc.vamtam.com/2023/11/28/faster-website-launches-better-results/index.html]
[pixelpiernyc.vamtam.com/wp-content/uploads/2023/12/pexels-zack-jarosz-1727658.jpg]
[pixelpiernyc.vamtam.com/wp-content/plugins/elementor/assets/lib/animations/styles/e-animation-pulse.min415f.css]
[pixelpiernyc.vamtam.com/2023/11/28/exploring-the-power-of-ai/index.html]
[pixelpiernyc.vamtam.com/wp-content/plugins/elementor/assets/lib/animations/styles/fadeInRight.min415f.css]
[pixelpiernyc.vamtam.com/wp-content/uploads/elementor/css/post-4604bfd9.css]
[pixelpiernyc.vamtam.com/wp-content/uploads/elementor/css/post-16207bfd9.css]
[pixelpiernyc.vamtam.com/wp-json/wp/v2/pages/4604.json]
[pixelpiernyc.vamtam.com/wp-json/oembed/1.0/embed7def.json]
[pixelpiernyc.vamtam.com/wp-json/oembed/1.0/embed3779]
[pixelpiernyc.vamtam.com/wp-content/uploads/2023/12/logo-gallery.svg]
[pixelpiernyc.vamtam.com/wp-content/uploads/2023/12/pexels-photo-3692056.jpg]
[pixelpiernyc.vamtam.com/wp-content/uploads/2023/12/pexels-photo-6598660-681x1024.jpg]
[pixelpiernyc.vamtam.com/wp-content/uploads/2023/12/gettyimages-200154762-004-1024x1024-1-1024x1024.jpg]
[pixelpiernyc.vamtam.com/wp-content/uploads/2023/12/pexels-photo-10559088-2-1024x1024.jpg]
[pixelpiernyc.vamtam.com/horizontal-layout/kara-morris/index.html]
[pixelpiernyc.vamtam.com/horizontal-layout/hans-wagner/index.html]
[pixelpiernyc.vamtam.com/horizontal-layout/lee-fong/index.html]
[pixelpiernyc.vamtam.com/wp-content/uploads/2023/12/pexels-photo-10559088-1024x1024.jpg]
[pixelpiernyc.vamtam.com/wp-content/uploads/2023/12/free-photo-of-gallery-interior-with-photography-and-modern-sculpture-1024x1024.jpg]
[pixelpiernyc.vamtam.com/horizontal-layout/noah-zhao/index.html]
[pixelpiernyc.vamtam.com/wp-content/uploads/2023/12/pexels-cottonbro-studio-8091626-1024x1024.jpg]
[pixelpiernyc.vamtam.com/wp-content/uploads/2023/12/pexels-photo-7561225.jpg]
[pixelpiernyc.vamtam.com/horizontal-layout/shinzo-akihiko/index.html]
[pixelpiernyc.vamtam.com/wp-content/uploads/2023/12/GettyImages-91605946.jpg]
[pixelpiernyc.vamtam.com/wp-content/uploads/2023/12/free-photo-of-red-statue-of-thinking-person-copy.jpg]
[pixelpiernyc.vamtam.com/category/art/index.html]
[pixelpiernyc.vamtam.com/category/interview/index.html]
[pixelpiernyc.vamtam.com/2023/10/10/celebrating-her-canvas-unveiling-the-artistic-odyssey-of-a-visionary-woman/index.html]
[pixelpiernyc.vamtam.com/2023/10/10/whats-amanda-parks-talking-about-when-it-comes-to-art-thats-all-about-consumer-culture/index.html]
[pixelpiernyc.vamtam.com/wp-content/uploads/2023/12/pexels-ketut-subiyanto-4349939.jpg]
[pixelpiernyc.vamtam.com/2023/10/10/12-awe-inspiring-immersive-exhibitions-in-london-to-book-now/index.html]
[pixelpiernyc.vamtam.com/wp-content/uploads/2023/12/pexels-lil-artsy-5541019.jpg]
[pixelpiernyc.vamtam.com/category/event/index.html]
[pixelpiernyc.vamtam.com/category/conceptual/index.html]
[pixelpiernyc.vamtam.com/wp-content/uploads/2023/12/pexels-ketut-subiyanto-4349753-cut.jpg]
[pixelpiernyc.vamtam.com/wp-content/uploads/2023/12/logo-gallery-1.svg]
[pixelpiernyc.vamtam.com/horizontal-layout.html]
[pixelpiernyc.vamtam.com/wp-content/uploads/2023/12/filipp-romanovski-CGKYNN3uuVo-unsplash.jpg]
[pixelpiernyc.vamtam.com/wp-content/uploads/2023/12/pexels-photo-3778867-1024x683.jpg]
[pixelpiernyc.vamtam.com/wp-content/uploads/2023/12/pexels-cottonbro-studio-3778853-717x1024.jpg]
[pixelpiernyc.vamtam.com/wp-content/uploads/2023/12/pexels-photo-6598664-3-717x1024.jpg]
[pixelpiernyc.vamtam.com/wp-content/uploads/2023/12/pexels-photo-3778902-1024x683.jpg]
[pixelpiernyc.vamtam.com/wp-content/uploads/2023/12/pexels-photo-6598660-1-717x1024.jpg]
[pixelpiernyc.vamtam.com/wp-content/uploads/2023/12/pexels-photo-3778684-1024x683.jpg]
[pixelpiernyc.vamtam.com/horizontal-layout/index.html]
[pixelpiernyc.vamtam.com/wp-content/uploads/elementor/css/post-15884bfd9.css]
[pixelpiernyc.vamtam.com/wp-content/uploads/elementor/css/post-14698930.css]
[pixelpiernyc.vamtam.com/wp-json/wp/v2/pages/1469.json]
[pixelpiernyc.vamtam.com/wp-json/oembed/1.0/embed0a16.json]
[pixelpiernyc.vamtam.com/blog/index.html]
[pixelpiernyc.vamtam.com/wp-json/oembed/1.0/embedc3ca]
[pixelpiernyc.vamtam.com/wp-content/plugins/elementor-pro/assets/css/widget-post-info.min415f.css]
[pixelpiernyc.vamtam.com/2023/11/27/10-indicators-that-its-time-for-a-new-website/index.html]
[pixelpiernyc.vamtam.com/wp-content/plugins/elementor/assets/css/widget-icon-list.min415f.css]
[pixelpiernyc.vamtam.com/2023/11/27/building-meaningful-work-relationships-with-your-team/index.html]
[pixelpiernyc.vamtam.com/wp-content/cache/min/1/wp-content/plugins/elementor/assets/lib/font-awesome/css/regular.minf35b.css]
[pixelpiernyc.vamtam.com/wp-content/uploads/elementor/css/post-87112e2.css]
[pixelpiernyc.vamtam.com/wp-content/plugins/elementor/assets/lib/animations/styles/e-animation-grow.min415f.css]
[pixelpiernyc.vamtam.com/wp-content/uploads/elementor/css/post-94512e2.css]
[pixelpiernyc.vamtam.com/wp-content/uploads/elementor/css/post-95412e2.css]
[pixelpiernyc.vamtam.com/wp-content/uploads/elementor/css/post-95512e2.css]
[pixelpiernyc.vamtam.com/wp-content/plugins/elementor/assets/lib/eicons/fonts/eicons4518.svg]
[pixelpiernyc.vamtam.com/wp-content/uploads/elementor/custom-icons/theme-icons/fonts/theme-icons51b0.svg]
[pixelpiernyc.vamtam.com/wp-content/plugins/elementor/assets/lib/font-awesome/webfonts/fa-brands-400.svg]
[pixelpiernyc.vamtam.com/wp-content/plugins/elementor/assets/lib/font-awesome/webfonts/fa-regular-400.svg]
[pixelpiernyc.vamtam.com/wp-content/plugins/elementor/assets/lib/font-awesome/webfonts/fa-solid-900.svg]
[pixelpiernyc.vamtam.com/wp-content/uploads/2023/10/arrow-link.svg]
[pixelpiernyc.vamtam.com/wp-content/plugins/elementor-pro/assets/css/widget-loop-grid.min415f.css]
[pixelpiernyc.vamtam.com/wp-content/uploads/elementor/css/post-11362cd23.css]
[pixelpiernyc.vamtam.com/2023/11/27/rebranding-a-financial-services-firm-for-the-future-by-paying-tribute-to-its-past/index.html]
[pixelpiernyc.vamtam.com/2023/11/27/benefits-of-a-bespoke-wordpress-theme-2/index.html]
[pixelpiernyc.vamtam.com/2023/11/27/how-to-roll-out-a-rebrand/index.html]
[pixelpiernyc.vamtam.com/tag/brand-guideline/index.html]
[pixelpiernyc.vamtam.com/wp-json/wp/v2/tags/31.json]
[pixelpiernyc.vamtam.com/tag/brand-guideline/feed/index.html]
[pixelpiernyc.vamtam.com/wp-json/wp/v2/tags/38.json]
[pixelpiernyc.vamtam.com/tag/e-commerce/index.html]
[pixelpiernyc.vamtam.com/tag/e-commerce/feed/index.html]
[pixelpiernyc.vamtam.com/wp-json/wp/v2/tags/30.json]
[pixelpiernyc.vamtam.com/tag/packaging/index.html]
[pixelpiernyc.vamtam.com/tag/packaging/feed/index.html]
[pixelpiernyc.vamtam.com/wp-content/uploads/elementor/css/post-508209f2.css]
[pixelpiernyc.vamtam.com/wp-content/uploads/elementor/css/post-12220f35b.css]
[pixelpiernyc.vamtam.com/2023/10/20/the-wood/feed/index.html]
[pixelpiernyc.vamtam.com/wp-json/wp/v2/posts/5082.json]
[pixelpiernyc.vamtam.com/wp-json/oembed/1.0/embedc81c.json]
[pixelpiernyc.vamtam.com/wp-json/oembed/1.0/embede3bf]
[pixelpiernyc.vamtam.com/wp-content/uploads/2023/12/2-2048x1295.jpg]
[pixelpiernyc.vamtam.com/wp-content/uploads/2023/10/brando-makes-branding-8bvlWmX4qOs-unsplash-2048x1295.jpg]
[pixelpiernyc.vamtam.com/wp-content/uploads/2023/10/mk-2-biKeArOcXXo-unsplash-2048x1295.jpg]
[pixelpiernyc.vamtam.com/2023/10/20/the-wood/index.html]
[pixelpiernyc.vamtam.com/wp-content/uploads/elementor/css/post-5080fb42.css]
[pixelpiernyc.vamtam.com/2023/10/20/jooly/feed/index.html]
[pixelpiernyc.vamtam.com/wp-json/wp/v2/posts/5080.json]
[pixelpiernyc.vamtam.com/wp-json/oembed/1.0/embed3a8f.json]
[pixelpiernyc.vamtam.com/2023/10/20/jooly/index.html]
[pixelpiernyc.vamtam.com/wp-json/oembed/1.0/embede21a]
[pixelpiernyc.vamtam.com/wp-json/wp/v2/tags/35.json]
[pixelpiernyc.vamtam.com/wp-content/uploads/2023/11/GettyImages-1409965331.jpg]
[pixelpiernyc.vamtam.com/tag/content/index.html]
[pixelpiernyc.vamtam.com/wp-json/wp/v2/tags/41.json]
[pixelpiernyc.vamtam.com/tag/medicine/index.html]
[pixelpiernyc.vamtam.com/tag/medicine/feed/index.html]
[pixelpiernyc.vamtam.com/wp-json/wp/v2/tags/34.json]
[pixelpiernyc.vamtam.com/wp-content/uploads/2023/11/2.jpg]
[pixelpiernyc.vamtam.com/tag/social-media/index.html]
[pixelpiernyc.vamtam.com/tag/social-media/feed/index.html]
[pixelpiernyc.vamtam.com/wp-content/uploads/elementor/css/post-5065e15b.css]
[pixelpiernyc.vamtam.com/2023/10/20/tom-brawn/feed/index.html]
[pixelpiernyc.vamtam.com/wp-json/wp/v2/posts/5065.json]
[pixelpiernyc.vamtam.com/wp-json/oembed/1.0/embedac8c.json]
[pixelpiernyc.vamtam.com/2023/10/20/tom-brawn/index.html]
[pixelpiernyc.vamtam.com/wp-json/oembed/1.0/embed39a5]
[pixelpiernyc.vamtam.com/tag/content/feed/index.html]
[pixelpiernyc.vamtam.com/wp-content/uploads/elementor/css/post-50626640.css]
[pixelpiernyc.vamtam.com/2023/10/20/carmen/feed/index.html]
[pixelpiernyc.vamtam.com/wp-json/wp/v2/posts/5062.json]
[pixelpiernyc.vamtam.com/wp-json/oembed/1.0/embed665c.json]
[pixelpiernyc.vamtam.com/2023/10/20/carmen/index.html]
[pixelpiernyc.vamtam.com/xmlrpc.html]
[pixelpiernyc.vamtam.com/wp-json/oembed/1.0/embed3ff2]
[pixelpiernyc.vamtam.com/wp-content/uploads/2023/10/photo-1590845947676-fa2576f401b2.jpg]
[pixelpiernyc.vamtam.com/wp-content/uploads/2023/10/photo-1594434533760-02e0f3faaa68.jpg]
[pixelpiernyc.vamtam.com/wp-content/uploads/2023/10/photo-1599669454699-248893623440.jpg]
[pixelpiernyc.vamtam.com/wp-content/uploads/elementor/css/post-1079450bc.css]
[pixelpiernyc.vamtam.com/wp-content/uploads/elementor/css/post-5190c116.css]
[pixelpiernyc.vamtam.com/indexa35d.html]
[pixelpiernyc.vamtam.com/wp-content/uploads/elementor/css/post-1078349f1.css]
[pixelpiernyc.vamtam.com/2023/10/25/mood/feed/index.html]
[pixelpiernyc.vamtam.com/wp-json/wp/v2/posts/10783.json]
[pixelpiernyc.vamtam.com/wp-json/oembed/1.0/embed54d5.json]
[pixelpiernyc.vamtam.com/wp-json/oembed/1.0/embed5e2b]
[pixelpiernyc.vamtam.com/wp-content/uploads/2023/10/1-1.jpg]
[pixelpiernyc.vamtam.com/wp-content/uploads/2023/10/pexels-steve-johnson-1774986.jpg]
[pixelpiernyc.vamtam.com/wp-content/uploads/2023/10/2.jpg]
[pixelpiernyc.vamtam.com/wp-content/uploads/2023/10/pexels-marlene-leppanen-6748261.jpg]
[pixelpiernyc.vamtam.com/wp-content/uploads/2023/10/pexels-yaroslav-shuraev-7956375-1536x1023.jpg]
[pixelpiernyc.vamtam.com/wp-content/uploads/2023/10/4-2048x1102.jpg]
[pixelpiernyc.vamtam.com/wp-content/uploads/2023/10/5-2048x1102.jpg]
[pixelpiernyc.vamtam.com/wp-content/uploads/2023/10/6-2048x1100.jpg]
[pixelpiernyc.vamtam.com/2023/10/25/mood/index.html]
[pixelpiernyc.vamtam.com/wp-content/uploads/2023/10/studio-blackthorns-6VCtB0wdgM0-unsplash.jpg]
[pixelpiernyc.vamtam.com/wp-content/uploads/2023/10/elevate-nYgy58eb9aw-unsplash.jpg]
[pixelpiernyc.vamtam.com/wp-content/uploads/elementor/css/post-3942770.css]
[pixelpiernyc.vamtam.com/index51fe.html]
[pixelpiernyc.vamtam.com/wp-content/uploads/2023/10/curology-iKoH1gNON70-unsplash.jpg]
[pixelpiernyc.vamtam.com/wp-content/uploads/2023/10/photo-1556228578-d3984a1f7e71.jpg]
[pixelpiernyc.vamtam.com/wp-content/uploads/elementor/css/post-392c116.css]
[pixelpiernyc.vamtam.com/indexead8.html]
[pixelpiernyc.vamtam.com/wp-content/uploads/2023/10/photo-1556227702-5ec9eb8df3ff.jpg]
[pixelpiernyc.vamtam.com/wp-content/uploads/2023/10/photo-1633533451976-992e226e32d0.jpg]
[pixelpiernyc.vamtam.com/wp-content/uploads/2023/10/mk-2-eQNNZq9yaS0-unsplash.jpg]
[pixelpiernyc.vamtam.com/wp-content/uploads/elementor/css/post-4848b70.css]
[pixelpiernyc.vamtam.com/index4c50.html]
[pixelpiernyc.vamtam.com/wp-content/plugins/elementor-pro/assets/css/widget-posts.min415f.css]
[pixelpiernyc.vamtam.com/wp-content/uploads/elementor/css/post-9827442c.css]
[pixelpiernyc.vamtam.com/wp-content/uploads/2023/10/photo-1633533448522-26ee3eab7961.jpg]
[pixelpiernyc.vamtam.com/wp-content/uploads/2023/10/pexels-karolina-grabowska-4202469.jpg]
[pixelpiernyc.vamtam.com/wp-content/uploads/2023/10/Group-2466.jpg]
[pixelpiernyc.vamtam.com/wp-content/uploads/2023/10/Papaya.jpg]
[pixelpiernyc.vamtam.com/wp-content/uploads/elementor/css/post-10774b993.css]
[pixelpiernyc.vamtam.com/index8568.html]
[pixelpiernyc.vamtam.com/wp-content/uploads/2023/10/mk-2-LjCoyaMWKvo-unsplash.jpg]
[pixelpiernyc.vamtam.com/wp-content/uploads/2023/10/mk-2-qvemLCiGaWM-unsplash.jpg]
[pixelpiernyc.vamtam.com/wp-content/uploads/2023/10/mk-2-yxe9ZSoksI0-unsplash.jpg]
[pixelpiernyc.vamtam.com/wp-content/uploads/elementor/css/post-108002692.css]
[pixelpiernyc.vamtam.com/index8054.html]
[pixelpiernyc.vamtam.com/wp-content/uploads/elementor/css/post-109799abe.css]
[pixelpiernyc.vamtam.com/wp-content/uploads/elementor/css/post-7246a551.css]
[pixelpiernyc.vamtam.com/indexb135.html]
[pixelpiernyc.vamtam.com/wp-content/plugins/elementor/assets/css/widget-menu-anchor.min415f.css]
[pixelpiernyc.vamtam.com/wp-content/plugins/elementor/assets/css/widget-toggle.min415f.css]
[pixelpiernyc.vamtam.com/wp-content/uploads/elementor/css/post-1467968b.css]
[pixelpiernyc.vamtam.com/index389b.html]
[pixelpiernyc.vamtam.com/wp-content/uploads/elementor/css/post-86976a6c.css]
[pixelpiernyc.vamtam.com/wp-content/uploads/elementor/css/post-100655018.css]
[pixelpiernyc.vamtam.com/wp-json/wp/v2/posts/8697.json]
[pixelpiernyc.vamtam.com/wp-json/oembed/1.0/embed8bb6.json]
[pixelpiernyc.vamtam.com/2023/11/30/art-director/index.html]
[pixelpiernyc.vamtam.com/wp-json/oembed/1.0/embed7909]
[pixelpiernyc.vamtam.com/wp-content/uploads/elementor/css/post-86954fba.css]
[pixelpiernyc.vamtam.com/wp-json/wp/v2/posts/8695.json]
[pixelpiernyc.vamtam.com/wp-json/oembed/1.0/embed6543.json]
[pixelpiernyc.vamtam.com/2023/11/30/senior-digital-producer-2/index.html]
[pixelpiernyc.vamtam.com/wp-content/uploads/2023/12/coiffure.svg]
[pixelpiernyc.vamtam.com/wp-content/uploads/2023/12/technologia.svg]
[pixelpiernyc.vamtam.com/wp-content/uploads/2023/12/Fabrik.svg]
[pixelpiernyc.vamtam.com/wp-content/uploads/2023/12/machina.svg]
[pixelpiernyc.vamtam.com/wp-content/uploads/2023/11/caridad-1.svg]
[pixelpiernyc.vamtam.com/wp-content/uploads/2023/11/logo-4.svg]
[pixelpiernyc.vamtam.com/wp-content/uploads/2023/11/ativo.svg]
[pixelpiernyc.vamtam.com/wp-content/uploads/2023/11/Salute.svg]
[pixelpiernyc.vamtam.com/wp-content/uploads/2023/11/fiore-1.svg]
[pixelpiernyc.vamtam.com/wp-content/uploads/2023/11/debebe.svg]
[pixelpiernyc.vamtam.com/wp-content/uploads/2023/11/jolie-1.svg]
[pixelpiernyc.vamtam.com/wp-content/uploads/2023/11/konstruktion-1.svg]
[pixelpiernyc.vamtam.com/wp-content/uploads/elementor/css/post-86033e84.css]
[pixelpiernyc.vamtam.com/wp-content/uploads/elementor/css/post-86003e84.css]
[pixelpiernyc.vamtam.com/wp-content/uploads/elementor/css/post-85973e84.css]
[pixelpiernyc.vamtam.com/wp-content/uploads/elementor/css/post-85933e84.css]
[pixelpiernyc.vamtam.com/wp-content/uploads/elementor/css/post-1230a551.css]
[pixelpiernyc.vamtam.com/index2842.html]
[pixelpiernyc.vamtam.com/wp-json/oembed/1.0/embed56f4]
[pixelpiernyc.vamtam.com/tag/logo-trademark/index.html]
[pixelpiernyc.vamtam.com/wp-json/wp/v2/tags/32.json]
[pixelpiernyc.vamtam.com/tag/logo-trademark/feed/index.html]
[pixelpiernyc.vamtam.com/tag/branding-identity/feed/index.html]
[pixelpiernyc.vamtam.com/tag/branding-identity/index.html]
[pixelpiernyc.vamtam.com/wp-json/wp/v2/tags/33.json]
[pixelpiernyc.vamtam.com/tag/product-marketing/index.html]
[pixelpiernyc.vamtam.com/wp-json/wp/v2/tags/36.json]
[pixelpiernyc.vamtam.com/tag/product-marketing/feed/index.html]
[pixelpiernyc.vamtam.com/wp-json/wp/v2/tags/37.json]
[pixelpiernyc.vamtam.com/tag/target-audience/index.html]
[pixelpiernyc.vamtam.com/tag/target-audience/feed/index.html]
[pixelpiernyc.vamtam.com/wp-json/wp/v2/tags/39.json]
[pixelpiernyc.vamtam.com/tag/finance/index.html]
[pixelpiernyc.vamtam.com/tag/finance/feed/index.html]
[pixelpiernyc.vamtam.com/wp-json/wp/v2/tags/40.json]
[pixelpiernyc.vamtam.com/tag/education/index.html]
[pixelpiernyc.vamtam.com/tag/education/feed/index.html]
[pixelpiernyc.vamtam.com/wp-json/wp/v2/tags/42.json]
[pixelpiernyc.vamtam.com/tag/entertainment/index.html]
[pixelpiernyc.vamtam.com/wp-content/uploads/elementor/css/post-1051b57a.css]
[pixelpiernyc.vamtam.com/index29f2.html]
[pixelpiernyc.vamtam.com/tag/entertainment/feed/index.html]
[pixelpiernyc.vamtam.com/wp-content/uploads/elementor/css/post-8693e7d6.css]
[pixelpiernyc.vamtam.com/wp-json/wp/v2/posts/8693.json]
[pixelpiernyc.vamtam.com/wp-json/oembed/1.0/embed5060.json]
[pixelpiernyc.vamtam.com/2023/11/30/freelance-designer-2/index.html]
[pixelpiernyc.vamtam.com/wp-json/oembed/1.0/embed9b58]
[pixelpiernyc.vamtam.com/wp-content/uploads/elementor/css/post-8691a0c3.css]
[pixelpiernyc.vamtam.com/wp-json/wp/v2/posts/8691.json]
[pixelpiernyc.vamtam.com/wp-json/oembed/1.0/embed0787.json]
[pixelpiernyc.vamtam.com/2023/11/30/associate-director-paid-media/index.html]
[pixelpiernyc.vamtam.com/wp-json/oembed/1.0/embed7592]
[pixelpiernyc.vamtam.com/wp-content/uploads/elementor/css/post-8685d585.css]
[pixelpiernyc.vamtam.com/wp-json/wp/v2/posts/8685.json]
[pixelpiernyc.vamtam.com/wp-json/oembed/1.0/embedfd7e.json]
[pixelpiernyc.vamtam.com/2023/11/30/ux-designer-intern-2/index.html]
[pixelpiernyc.vamtam.com/wp-content/plugins/elementor-pro/assets/css/widget-form.min415f.css]
[pixelpiernyc.vamtam.com/wp-content/uploads/elementor/css/post-10533d4d.css]
[pixelpiernyc.vamtam.com/index6c4a.html]
[pixelpiernyc.vamtam.com/wp-json/oembed/1.0/embed779b]
[pixelpiernyc.vamtam.com/cdn-cgi/images/icon-exclamation111f.png]
[pixelpiernyc.vamtam.com/cdn-cgi/images/cf-icon-horizontal-arrow.png]
[pixelpiernyc.vamtam.com/cdn-cgi/images/browser-bar111f.png]
[pixelpiernyc.vamtam.com/cdn-cgi/images/cf-no-screenshot-warn.png]
[pixelpiernyc.vamtam.com/cdn-cgi/images/cf-no-screenshot-error.png]
[pixelpiernyc.vamtam.com/cdn-cgi/images/cf-icon-ok.png]
[pixelpiernyc.vamtam.com/cdn-cgi/images/cf-icon-error.png]
[pixelpiernyc.vamtam.com/cdn-cgi/images/cf-icon-browser.png]
[pixelpiernyc.vamtam.com/cdn-cgi/images/cf-icon-cloud.png]
[pixelpiernyc.vamtam.com/cdn-cgi/images/cf-icon-server.png]
[pixelpiernyc.vamtam.com/cdn-cgi/styles/cf.errors.css]
[pixelpiernyc.vamtam.com/wp-includes/css/dist/block-library/style.min6c2d.css]
[pixelpiernyc.vamtam.com/wp-content/uploads/elementor/css/post-37e07.css]
[pixelpiernyc.vamtam.com/index2207.html]
[pixelpiernyc.vamtam.com/wp-content/plugins/elementor/assets/lib/animations/styles/slideInDown.min415f.css]
[pixelpiernyc.vamtam.com/wp-content/plugins/elementor/assets/lib/animations/styles/slideInUp.min415f.css]
[pixelpiernyc.vamtam.com/wp-content/uploads/elementor/css/post-13381f36.css]
[pixelpiernyc.vamtam.com/wp-content/uploads/elementor/css/post-14601f36.css]
[pixelpiernyc.vamtam.com/wp-content/uploads/elementor/css/post-21611f36.css]
[pixelpiernyc.vamtam.com/indexc547.html]
[pixelpiernyc.vamtam.com/personal/240_resume_1.html]
[pixelpiernyc.vamtam.com/wp-content/plugins/elementor/assets/css/widget-divider.min415f.css]
[pixelpiernyc.vamtam.com/wp-content/uploads/2023/12/curve_intro_overlay.svg]
[pixelpiernyc.vamtam.com/wp-content/uploads/2023/11/pexels-christina-morillo-1181279.jpg]
[pixelpiernyc.vamtam.com/wp-content/uploads/2023/11/pexels-created-stories-11464383.jpg]
[pixelpiernyc.vamtam.com/wp-content/uploads/2023/11/pexels-mathilde-langevin-10897656.jpg]
[pixelpiernyc.vamtam.com/wp-content/uploads/2023/11/pexels-rdne-stock-project-7005190.jpg]
[pixelpiernyc.vamtam.com/wp-content/uploads/elementor/css/post-41628d13.css]
[pixelpiernyc.vamtam.com/wp-content/uploads/elementor/css/post-57818d13.css]
[pixelpiernyc.vamtam.com/wp-content/uploads/elementor/css/post-66638d13.css]
[pixelpiernyc.vamtam.com/wp-content/uploads/elementor/css/post-71908d13.css]
[pixelpiernyc.vamtam.com/index0266.html]
[pixelpiernyc.vamtam.com/wp-content/uploads/elementor/css/post-5077713f.css]
[pixelpiernyc.vamtam.com/2023/10/20/collect-branding/feed/index.html]
[pixelpiernyc.vamtam.com/wp-json/wp/v2/posts/5077.json]
[pixelpiernyc.vamtam.com/wp-json/oembed/1.0/embede1be.json]
[pixelpiernyc.vamtam.com/2023/10/20/collect-branding/index.html]
[pixelpiernyc.vamtam.com/wp-json/oembed/1.0/embedb1de]
[pixelpiernyc.vamtam.com/wp-content/uploads/elementor/css/post-5074b877.css]
[pixelpiernyc.vamtam.com/wp-json/wp/v2/posts/5074.json]
[pixelpiernyc.vamtam.com/2023/10/20/together-brand/feed/index.html]
[pixelpiernyc.vamtam.com/wp-json/oembed/1.0/embed13bb.json]
[pixelpiernyc.vamtam.com/2023/10/20/together-brand/index.html]
[pixelpiernyc.vamtam.com/wp-json/oembed/1.0/embed71af]
[pixelpiernyc.vamtam.com/wp-content/uploads/elementor/css/post-5071f46d.css]
[pixelpiernyc.vamtam.com/2023/10/20/inside-the-box/feed/index.html]
[pixelpiernyc.vamtam.com/wp-json/wp/v2/posts/5071.json]
[pixelpiernyc.vamtam.com/wp-json/oembed/1.0/embed4916.json]
[pixelpiernyc.vamtam.com/2023/10/20/inside-the-box/index.html]
[pixelpiernyc.vamtam.com/wp-json/oembed/1.0/embed36a0]
[pixelpiernyc.vamtam.com/wp-content/uploads/elementor/css/post-5068ce9a.css]
[pixelpiernyc.vamtam.com/2023/10/20/grow/feed/index.html]
[pixelpiernyc.vamtam.com/wp-json/wp/v2/posts/5068.json]
[pixelpiernyc.vamtam.com/wp-json/oembed/1.0/embedb2dd.json]
[pixelpiernyc.vamtam.com/2023/10/20/grow/index.html]
[pixelpiernyc.vamtam.com/wp-json/oembed/1.0/embedb781]
[pixelpiernyc.vamtam.com/wp-content/uploads/elementor/css/post-5058f35b.css]
[pixelpiernyc.vamtam.com/wp-json/wp/v2/posts/5058.json]
[pixelpiernyc.vamtam.com/2023/10/20/brand-factory/feed/index.html]
[pixelpiernyc.vamtam.com/wp-json/oembed/1.0/embed404f.json]
[pixelpiernyc.vamtam.com/2023/10/20/brand-factory/index.html]
[pixelpiernyc.vamtam.com/wp-json/oembed/1.0/embed0e31]
[pixelpiernyc.vamtam.com/wp-content/plugins/elementor-pro/assets/css/widget-blockquote.min415f.css]
[pixelpiernyc.vamtam.com/wp-content/uploads/elementor/css/post-658291f4.css]
[pixelpiernyc.vamtam.com/2023/11/28/the-most-striking-branding-trends-in-2023/feed/index.html]
[pixelpiernyc.vamtam.com/wp-content/uploads/elementor/css/post-10456e816.css]
[pixelpiernyc.vamtam.com/wp-json/wp/v2/posts/6582.json]
[pixelpiernyc.vamtam.com/wp-json/oembed/1.0/embeda96e.json]
[pixelpiernyc.vamtam.com/wp-json/oembed/1.0/embedd8d1]
[pixelpiernyc.vamtam.com/wp-content/uploads/2023/11/2-1-717x1024.jpg]
[pixelpiernyc.vamtam.com/wp-content/uploads/elementor/css/post-105110ce5.css]
[pixelpiernyc.vamtam.com/2023/11/28/the-most-striking-branding-trends-in-2023/index.html]
[pixelpiernyc.vamtam.com/tag/logo/index.html]
[pixelpiernyc.vamtam.com/category/insights/index.html]
[pixelpiernyc.vamtam.com/tag/design/index.html]
[pixelpiernyc.vamtam.com/tag/performance/index.html]
[pixelpiernyc.vamtam.com/2023/11/28/the-most-striking-branding-trends-in-2023/index0e22.html]
[pixelpiernyc.vamtam.com/wp-content/uploads/2023/11/GettyImages-1471690759-717x1024.jpg]
[pixelpiernyc.vamtam.com/wp-content/uploads/elementor/css/post-6579607d.css]
[pixelpiernyc.vamtam.com/wp-json/wp/v2/posts/6579.json]
[pixelpiernyc.vamtam.com/2023/11/28/exploring-the-power-of-ai-2/feed/index.html]
[pixelpiernyc.vamtam.com/wp-json/oembed/1.0/embed9f0d.json]
[pixelpiernyc.vamtam.com/2023/11/28/exploring-the-power-of-ai-2/index.html]
[pixelpiernyc.vamtam.com/wp-json/oembed/1.0/embed260c]
[pixelpiernyc.vamtam.com/wp-content/uploads/2023/11/1-1-717x1024.jpg]
[pixelpiernyc.vamtam.com/wp-content/uploads/elementor/css/post-6576cf7a.css]
[pixelpiernyc.vamtam.com/2023/11/28/12-factors-to-consider-when-designing-a-new-logo/feed/index.html]
[pixelpiernyc.vamtam.com/wp-json/wp/v2/posts/6576.json]
[pixelpiernyc.vamtam.com/wp-json/oembed/1.0/embed22ba.json]
[pixelpiernyc.vamtam.com/2023/11/28/12-factors-to-consider-when-designing-a-new-logo/index.html]
[pixelpiernyc.vamtam.com/wp-json/oembed/1.0/embed7bfc]
[pixelpiernyc.vamtam.com/wp-content/uploads/elementor/css/post-65705f36.css]
[pixelpiernyc.vamtam.com/2023/11/28/managing-up-building-meaningful-work-relationships-with-your-team/feed/index.html]
[pixelpiernyc.vamtam.com/wp-json/wp/v2/posts/6570.json]
[pixelpiernyc.vamtam.com/wp-json/oembed/1.0/embed4f59.json]
[pixelpiernyc.vamtam.com/wp-json/oembed/1.0/embed3b1d]
[pixelpiernyc.vamtam.com/wp-content/uploads/2023/11/pexels-google-deepmind-17485013-717x1024.jpg]
[pixelpiernyc.vamtam.com/2023/11/28/managing-up-building-meaningful-work-relationships-with-your-team/index.html]
[pixelpiernyc.vamtam.com/wp-content/uploads/2023/11/pexels-google-deepmind-17485709-717x1024.jpg]
[pixelpiernyc.vamtam.com/wp-content/uploads/elementor/css/post-65683e84.css]
[pixelpiernyc.vamtam.com/2023/11/28/faster-website-launches-better-results/feed/index.html]
[pixelpiernyc.vamtam.com/wp-json/wp/v2/posts/6568.json]
[pixelpiernyc.vamtam.com/wp-json/oembed/1.0/embedf242.json]
[pixelpiernyc.vamtam.com/2023/11/28/faster-website-launches-better-results/index.html]
[pixelpiernyc.vamtam.com/wp-json/oembed/1.0/embed95f8]
[pixelpiernyc.vamtam.com/wp-content/uploads/elementor/css/post-6566e816.css]
[pixelpiernyc.vamtam.com/2023/11/28/exploring-the-power-of-ai/feed/index.html]
[pixelpiernyc.vamtam.com/wp-json/wp/v2/posts/6566.json]
[pixelpiernyc.vamtam.com/wp-json/oembed/1.0/embedb1b0.json]
[pixelpiernyc.vamtam.com/wp-json/oembed/1.0/embede09b]
[pixelpiernyc.vamtam.com/2023/11/28/exploring-the-power-of-ai/index.html]
[pixelpiernyc.vamtam.com/wp-content/uploads/2023/11/pexels-karolina-grabowska-4397898-717x1024.jpg]
[pixelpiernyc.vamtam.com/wp-content/plugins/elementor/assets/lib/animations/styles/e-animation-pulse.min415f.css]
[pixelpiernyc.vamtam.com/wp-content/plugins/elementor/assets/lib/animations/styles/fadeInRight.min415f.css]
[pixelpiernyc.vamtam.com/wp-content/uploads/2023/12/pexels-photo-3778853-2.jpg]
[pixelpiernyc.vamtam.com/wp-content/uploads/2023/12/pexels-photo-4098277.png]
[pixelpiernyc.vamtam.com/wp-content/uploads/2023/12/line2-9.svg]
[pixelpiernyc.vamtam.com/wp-content/uploads/2023/12/pexels-mike-bird-143967-1.jpg]
[pixelpiernyc.vamtam.com/wp-content/uploads/2023/12/photo-1622368277376-584eb4da230c.jpg]
[pixelpiernyc.vamtam.com/wp-content/uploads/elementor/css/post-4604bfd9.css]
[pixelpiernyc.vamtam.com/wp-content/uploads/2023/12/michael-matloka-4a7K9tI_XFs-unsplash-1024x681-1.jpg]
[pixelpiernyc.vamtam.com/wp-content/uploads/2023/12/pexels-anna-shvets-5682085.jpg]
[pixelpiernyc.vamtam.com/wp-content/uploads/2023/12/pexels-cottonbro-studio-9121185.jpg]
[pixelpiernyc.vamtam.com/wp-content/uploads/elementor/css/post-16207bfd9.css]
[pixelpiernyc.vamtam.com/index0863.html]
[pixelpiernyc.vamtam.com/wp-content/uploads/2023/12/logo-gallery.svg]
[pixelpiernyc.vamtam.com/wp-content/uploads/2023/12/janko-ferlic-mIs_QHS1ht8-unsplash.jpg]
[pixelpiernyc.vamtam.com/wp-content/plugins/elementor/assets/css/widget-image-box.min415f.css]
[pixelpiernyc.vamtam.com/wp-content/uploads/elementor/css/post-11796ec90.css]
[pixelpiernyc.vamtam.com/wp-content/uploads/elementor/css/post-15502293f.css]
[pixelpiernyc.vamtam.com/wp-json/wp/v2/pages/11796.json]
[pixelpiernyc.vamtam.com/wp-json/oembed/1.0/embed89a1.json]
[pixelpiernyc.vamtam.com/wp-json/oembed/1.0/embed7337]
[pixelpiernyc.vamtam.com/wp-content/uploads/2023/12/dan-farrell-fT49QnFucQ8-unsplash.jpg]
[pixelpiernyc.vamtam.com/wp-content/uploads/2023/12/sheldon-liu-FrQKfzoTgsw-unsplash.jpg]
[pixelpiernyc.vamtam.com/wp-content/uploads/2023/12/paul-blenkhorn-84767CQrS8-unsplash.jpg]
[pixelpiernyc.vamtam.com/wp-content/uploads/2023/12/orfeas-green-G5A5ZNjS2tE-unsplash.jpg]
[pixelpiernyc.vamtam.com/wp-content/uploads/2023/12/birmingham-museums-trust-5ruS8plfbvM-unsplash-e1702086643474.jpg]
[pixelpiernyc.vamtam.com/wp-content/uploads/2023/12/steve-johnson-b5HMwgoU2h4-unsplash.jpg]
[pixelpiernyc.vamtam.com/wp-content/uploads/2023/12/fuu-j-Lo7venJ_ywM-unsplash.jpg]
[pixelpiernyc.vamtam.com/horizontal-layout/kara-morris/index.html]
[pixelpiernyc.vamtam.com/wp-content/uploads/2023/12/birmingham-museums-trust-BqaF65lS6E4-unsplash.jpg]
[pixelpiernyc.vamtam.com/wp-content/uploads/2023/12/christian-buehner-XiWX754jx0s-unsplash.jpg]
[pixelpiernyc.vamtam.com/wp-content/uploads/elementor/css/post-11794371a.css]
[pixelpiernyc.vamtam.com/wp-json/wp/v2/pages/11794.json]
[pixelpiernyc.vamtam.com/wp-json/oembed/1.0/embed096a.json]
[pixelpiernyc.vamtam.com/horizontal-layout/hans-wagner/index.html]
[pixelpiernyc.vamtam.com/wp-json/oembed/1.0/embed9150]
[pixelpiernyc.vamtam.com/wp-content/uploads/elementor/css/post-11792371a.css]
[pixelpiernyc.vamtam.com/wp-json/wp/v2/pages/11792.json]
[pixelpiernyc.vamtam.com/wp-json/oembed/1.0/embedb037.json]
[pixelpiernyc.vamtam.com/horizontal-layout/lee-fong/index.html]
[pixelpiernyc.vamtam.com/wp-json/oembed/1.0/embed74b7]
[pixelpiernyc.vamtam.com/wp-content/uploads/elementor/css/post-117833b21.css]
[pixelpiernyc.vamtam.com/wp-json/wp/v2/pages/11783.json]
[pixelpiernyc.vamtam.com/wp-json/oembed/1.0/embed9fb1.json]
[pixelpiernyc.vamtam.com/wp-json/oembed/1.0/embed31a8]
[pixelpiernyc.vamtam.com/horizontal-layout/noah-zhao/index.html]
[pixelpiernyc.vamtam.com/wp-content/uploads/2023/12/alexandre-debieve-xbeKrAgzGhQ-unsplash.jpg]
[pixelpiernyc.vamtam.com/wp-content/uploads/elementor/css/post-1586471b2.css]
[pixelpiernyc.vamtam.com/wp-json/wp/v2/pages/15864.json]
[pixelpiernyc.vamtam.com/wp-json/oembed/1.0/embed2b5f.json]
[pixelpiernyc.vamtam.com/horizontal-layout/shinzo-akihiko/index.html]
[pixelpiernyc.vamtam.com/wp-json/oembed/1.0/embed5cfe]
[pixelpiernyc.vamtam.com/wp-content/uploads/elementor/css/post-12537f1d6.css]
[pixelpiernyc.vamtam.com/2023/10/10/celebrating-her-canvas-unveiling-the-artistic-odyssey-of-a-visionary-woman/feed/index.html]
[pixelpiernyc.vamtam.com/wp-json/wp/v2/posts/12537.json]
[pixelpiernyc.vamtam.com/wp-json/oembed/1.0/embed8360.json]
[pixelpiernyc.vamtam.com/wp-json/oembed/1.0/embed04ee]
[pixelpiernyc.vamtam.com/wp-content/uploads/2023/12/almas-salakhov-dIGLbp5P8eg-unsplash.jpg]
[pixelpiernyc.vamtam.com/2023/10/10/celebrating-her-canvas-unveiling-the-artistic-odyssey-of-a-visionary-woman/index.html]
[pixelpiernyc.vamtam.com/2023/11/27/benefits-of-a-bespoke-wordpress-theme/index.html]
[pixelpiernyc.vamtam.com/tag/editorial/index.html]
[pixelpiernyc.vamtam.com/wp-content/uploads/2023/12/almas-salakhov-dIGLbp5P8eg-unsplash-717x1024.jpg]
[pixelpiernyc.vamtam.com/wp-json/wp/v2/categories/55.json]
[pixelpiernyc.vamtam.com/category/art/index.html]
[pixelpiernyc.vamtam.com/category/art/feed/index.html]
[pixelpiernyc.vamtam.com/category/interview/index.html]
[pixelpiernyc.vamtam.com/wp-json/wp/v2/categories/51.json]
[pixelpiernyc.vamtam.com/wp-content/uploads/elementor/css/post-125422b4d.css]
[pixelpiernyc.vamtam.com/category/interview/feed/index.html]
[pixelpiernyc.vamtam.com/2023/10/10/whats-amanda-parks-talking-about-when-it-comes-to-art-thats-all-about-consumer-culture/feed/index.html]
[pixelpiernyc.vamtam.com/wp-json/wp/v2/posts/12542.json]
[pixelpiernyc.vamtam.com/wp-json/oembed/1.0/embed9085.json]
[pixelpiernyc.vamtam.com/2023/10/10/whats-amanda-parks-talking-about-when-it-comes-to-art-thats-all-about-consumer-culture/index.html]
[pixelpiernyc.vamtam.com/wp-json/oembed/1.0/embede891]
[pixelpiernyc.vamtam.com/category/conceptual/index.html]
[pixelpiernyc.vamtam.com/wp-json/wp/v2/categories/49.json]
[pixelpiernyc.vamtam.com/wp-content/uploads/elementor/css/post-12545c374.css]
[pixelpiernyc.vamtam.com/category/conceptual/feed/index.html]
[pixelpiernyc.vamtam.com/2023/10/10/12-awe-inspiring-immersive-exhibitions-in-london-to-book-now/feed/index.html]
[pixelpiernyc.vamtam.com/wp-json/wp/v2/posts/12545.json]
[pixelpiernyc.vamtam.com/wp-json/oembed/1.0/embedbf3b.json]
[pixelpiernyc.vamtam.com/2023/10/10/12-awe-inspiring-immersive-exhibitions-in-london-to-book-now/index.html]
[pixelpiernyc.vamtam.com/wp-json/oembed/1.0/embedf831]
[pixelpiernyc.vamtam.com/wp-json/wp/v2/categories/50.json]
[pixelpiernyc.vamtam.com/category/event/index.html]
[pixelpiernyc.vamtam.com/wp-content/uploads/2023/12/logo-gallery-1.svg]
[pixelpiernyc.vamtam.com/horizontal-layout.html]
[pixelpiernyc.vamtam.com/wp-content/uploads/elementor/css/post-15884bfd9.css]
[pixelpiernyc.vamtam.com/wp-content/uploads/elementor/css/post-14698930.css]
[pixelpiernyc.vamtam.com/indexccf7.html]
[pixelpiernyc.vamtam.com/category/event/feed/index.html]
[pixelpiernyc.vamtam.com/wp-content/uploads/2023/12/pexels-cottonbro-studio-5083396-717x1024.jpg]
[pixelpiernyc.vamtam.com/wp-content/uploads/elementor/css/post-97543776.css]
[pixelpiernyc.vamtam.com/2023/11/27/10-indicators-that-its-time-for-a-new-website/feed/index.html]
[pixelpiernyc.vamtam.com/wp-json/wp/v2/posts/9754.json]
[pixelpiernyc.vamtam.com/wp-json/oembed/1.0/embed67a2.json]
[pixelpiernyc.vamtam.com/2023/11/27/10-indicators-that-its-time-for-a-new-website/index.html]
[pixelpiernyc.vamtam.com/wp-json/oembed/1.0/embed1e02]
[pixelpiernyc.vamtam.com/wp-content/uploads/elementor/css/post-9751f593.css]
[pixelpiernyc.vamtam.com/2023/11/27/building-meaningful-work-relationships-with-your-team/feed/index.html]
[pixelpiernyc.vamtam.com/wp-json/wp/v2/posts/9751.json]
[pixelpiernyc.vamtam.com/wp-json/oembed/1.0/embed349e.json]
[pixelpiernyc.vamtam.com/wp-json/oembed/1.0/embedf96b]
[pixelpiernyc.vamtam.com/2023/11/27/building-meaningful-work-relationships-with-your-team/index.html]
[pixelpiernyc.vamtam.com/wp-content/uploads/2023/12/supply-6dfYAFmdoY4-unsplash-717x1024.jpg]
[pixelpiernyc.vamtam.com/wp-content/uploads/elementor/css/post-974870c9.css]
[pixelpiernyc.vamtam.com/2023/11/27/benefits-of-a-bespoke-wordpress-theme-2/feed/index.html]
[pixelpiernyc.vamtam.com/wp-json/wp/v2/posts/9748.json]
[pixelpiernyc.vamtam.com/wp-json/oembed/1.0/embedab13.json]
[pixelpiernyc.vamtam.com/wp-json/oembed/1.0/embedbd5e]
[pixelpiernyc.vamtam.com/wp-content/uploads/2023/12/pexels-antoni-shkraba-4348405-717x1024.jpg]
[pixelpiernyc.vamtam.com/2023/11/27/benefits-of-a-bespoke-wordpress-theme-2/index.html]
[pixelpiernyc.vamtam.com/tag/wordpress-development/index.html]
[pixelpiernyc.vamtam.com/wp-content/uploads/elementor/css/post-974504cf.css]
[pixelpiernyc.vamtam.com/2023/11/27/rebranding-a-financial-services-firm-for-the-future-by-paying-tribute-to-its-past/feed/index.html]
[pixelpiernyc.vamtam.com/wp-json/wp/v2/posts/9745.json]
[pixelpiernyc.vamtam.com/wp-json/oembed/1.0/embedf759.json]
[pixelpiernyc.vamtam.com/wp-json/oembed/1.0/embedfb0b]
[pixelpiernyc.vamtam.com/2023/11/27/rebranding-a-financial-services-firm-for-the-future-by-paying-tribute-to-its-past/index.html]
[pixelpiernyc.vamtam.com/wp-content/uploads/2023/12/nikhil-JmTQJ6cOsqQ-unsplash-717x1024.jpg]
[pixelpiernyc.vamtam.com/wp-content/uploads/elementor/css/post-974204a5.css]
[pixelpiernyc.vamtam.com/2023/11/27/how-to-roll-out-a-rebrand/feed/index.html]
[pixelpiernyc.vamtam.com/wp-json/wp/v2/posts/9742.json]
[pixelpiernyc.vamtam.com/wp-json/oembed/1.0/embedf889.json]
[pixelpiernyc.vamtam.com/wp-json/oembed/1.0/embed3d69]
[pixelpiernyc.vamtam.com/2023/11/27/how-to-roll-out-a-rebrand/index.html]
[pixelpiernyc.vamtam.com/wp-content/uploads/2023/12/mk-2-4yaSDaYqfTo-unsplash-717x1024.jpg]
[pixelpiernyc.vamtam.com/wp-content/uploads/2023/10/mk-2-oxSg2k-g43I-unsplash.jpg]
[pixelpiernyc.vamtam.com/wp-content/uploads/2023/10/customerbox-zep5axcGd5s-unsplash.jpg]
[pixelpiernyc.vamtam.com/wp-content/uploads/elementor/css/post-508209f2.css]
[pixelpiernyc.vamtam.com/wp-content/uploads/elementor/css/post-12220f35b.css]
[pixelpiernyc.vamtam.com/index13a6.html]
[pixelpiernyc.vamtam.com/wp-content/uploads/elementor/css/post-5080fb42.css]
[pixelpiernyc.vamtam.com/indexd7f0.html]
[pixelpiernyc.vamtam.com/wp-content/uploads/elementor/css/post-5065e15b.css]
[pixelpiernyc.vamtam.com/index5aa8.html]
[pixelpiernyc.vamtam.com/wp-content/uploads/elementor/css/post-50626640.css]
[pixelpiernyc.vamtam.com/indexc853.html]
[pixelpiernyc.vamtam.com/wp-content/uploads/2023/10/photo-1633533451976-992e226e32d0-1.jpg]
[pixelpiernyc.vamtam.com/wp-content/uploads/2023/10/pexels-vie-studio-7006194.jpg]
[pixelpiernyc.vamtam.com/wp-content/uploads/elementor/css/post-1078349f1.css]
[pixelpiernyc.vamtam.com/wp-content/uploads/2023/10/3.jpg]
[pixelpiernyc.vamtam.com/index6958.html]
[pixelpiernyc.vamtam.com/wp-content/uploads/elementor/css/post-86976a6c.css]
[pixelpiernyc.vamtam.com/wp-content/uploads/elementor/css/post-100655018.css]
[pixelpiernyc.vamtam.com/indexfd2b.html]
[pixelpiernyc.vamtam.com/wp-content/uploads/elementor/css/post-86954fba.css]
[pixelpiernyc.vamtam.com/index4d52.html]
[pixelpiernyc.vamtam.com/wp-content/uploads/elementor/css/post-8693e7d6.css]
[pixelpiernyc.vamtam.com/indexa481.html]
[pixelpiernyc.vamtam.com/wp-content/uploads/elementor/css/post-8691a0c3.css]
[pixelpiernyc.vamtam.com/index468e.html]
[pixelpiernyc.vamtam.com/wp-content/uploads/elementor/css/post-8685d585.css]
[pixelpiernyc.vamtam.com/index2e04.html]
[pixelpiernyc.vamtam.com/wp-content/uploads/2023/12/curve_intro_overlay.svg]
[pixelpiernyc.vamtam.com/wp-content/uploads/elementor/css/post-5077713f.css]
[pixelpiernyc.vamtam.com/indexac1e.html]
[pixelpiernyc.vamtam.com/wp-content/uploads/elementor/css/post-5074b877.css]
[pixelpiernyc.vamtam.com/indexe5ae.html]
[pixelpiernyc.vamtam.com/wp-content/uploads/elementor/css/post-5071f46d.css]
[pixelpiernyc.vamtam.com/indexb40f.html]
[pixelpiernyc.vamtam.com/wp-content/uploads/elementor/css/post-5068ce9a.css]
[pixelpiernyc.vamtam.com/index3b19.html]
[pixelpiernyc.vamtam.com/wp-content/uploads/elementor/css/post-5058f35b.css]
[pixelpiernyc.vamtam.com/indexbf6d.html]
[pixelpiernyc.vamtam.com/wp-content/plugins/elementor-pro/assets/css/widget-blockquote.min415f.css]
[pixelpiernyc.vamtam.com/wp-content/uploads/elementor/css/post-658291f4.css]
[pixelpiernyc.vamtam.com/wp-content/uploads/elementor/css/post-10456e816.css]
[pixelpiernyc.vamtam.com/index6ea1.html]
[pixelpiernyc.vamtam.com/wp-json/wp/v2/categories/27.json]
[pixelpiernyc.vamtam.com/category/insights/feed/index.html]
[pixelpiernyc.vamtam.com/wp-content/uploads/2023/12/lina-verovaya-GK_GIx87E58-unsplash-717x1024.jpg]
[pixelpiernyc.vamtam.com/category/insights/index.html]
[pixelpiernyc.vamtam.com/2023/11/27/team-spotlight-london-biedron-client-development-specialist/index.html]
[pixelpiernyc.vamtam.com/wp-json/wp/v2/tags/44.json]
[pixelpiernyc.vamtam.com/tag/design/index.html]
[pixelpiernyc.vamtam.com/tag/design/feed/index.html]
[pixelpiernyc.vamtam.com/wp-json/wp/v2/tags/45.json]
[pixelpiernyc.vamtam.com/tag/logo/index.html]
[pixelpiernyc.vamtam.com/tag/logo/feed/index.html]
[pixelpiernyc.vamtam.com/tag/performance/index.html]
[pixelpiernyc.vamtam.com/wp-json/wp/v2/tags/47.json]
[pixelpiernyc.vamtam.com/wp-content/plugins/elementor/assets/lib/font-awesome/css/regular.min52d5.css]
[pixelpiernyc.vamtam.com/wp-content/plugins/elementor/assets/lib/font-awesome/css/solid.min52d5.css]
[pixelpiernyc.vamtam.com/tag/performance/feed/index.html]
[pixelpiernyc.vamtam.com/wp-content/plugins/elementor/assets/lib/eicons/css/elementor-icons.min2778.css]
[pixelpiernyc.vamtam.com/wp-content/uploads/elementor/custom-icons/theme-icons/style8a54.css]
[pixelpiernyc.vamtam.com/wp-content/plugins/elementor/assets/lib/font-awesome/css/all.min415f.css]
[pixelpiernyc.vamtam.com/wp-content/plugins/elementor/assets/lib/font-awesome/css/brands.min52d5.css]
[pixelpiernyc.vamtam.com/2023/11/28/the-most-striking-branding-trends-in-2023/index0e22.html]
[pixelpiernyc.vamtam.com/wp-content/uploads/elementor/css/post-105110ce5.css]
[pixelpiernyc.vamtam.com/wp-content/uploads/elementor/css/post-6579607d.css]
[pixelpiernyc.vamtam.com/index2a10.html]
[pixelpiernyc.vamtam.com/wp-content/uploads/elementor/css/post-6576cf7a.css]
[pixelpiernyc.vamtam.com/indexe0af.html]
[pixelpiernyc.vamtam.com/wp-content/uploads/elementor/css/post-65705f36.css]
[pixelpiernyc.vamtam.com/index280a.html]
[pixelpiernyc.vamtam.com/wp-content/uploads/elementor/css/post-65683e84.css]
[pixelpiernyc.vamtam.com/indexc2b0.html]
[pixelpiernyc.vamtam.com/wp-content/uploads/elementor/css/post-6566e816.css]
[pixelpiernyc.vamtam.com/index98b7.html]
[pixelpiernyc.vamtam.com/wp-content/uploads/2023/12/line2-9.svg]
[pixelpiernyc.vamtam.com/wp-content/plugins/elementor/assets/css/widget-image-box.min415f.css]
[pixelpiernyc.vamtam.com/wp-content/uploads/elementor/css/post-11796ec90.css]
[pixelpiernyc.vamtam.com/wp-content/uploads/elementor/css/post-15502293f.css]
[pixelpiernyc.vamtam.com/indexa6d7.html]
[pixelpiernyc.vamtam.com/wp-content/uploads/elementor/css/post-11794371a.css]
[pixelpiernyc.vamtam.com/indexc9cc.html]
[pixelpiernyc.vamtam.com/wp-content/uploads/elementor/css/post-11792371a.css]
[pixelpiernyc.vamtam.com/index918d.html]
[pixelpiernyc.vamtam.com/wp-content/uploads/elementor/css/post-117833b21.css]
[pixelpiernyc.vamtam.com/indexd037.html]
[pixelpiernyc.vamtam.com/wp-content/uploads/elementor/css/post-1586471b2.css]
[pixelpiernyc.vamtam.com/index82e3.html]
[pixelpiernyc.vamtam.com/wp-content/uploads/elementor/css/post-12537f1d6.css]
[pixelpiernyc.vamtam.com/indexf2bb.html]
[pixelpiernyc.vamtam.com/wp-content/themes/pixelpiernyc/vamtam/assets/css/dist/elementor/elementor-all1c9e.css]
[pixelpiernyc.vamtam.com/wp-json/wp/v2/tags/52.json]
[pixelpiernyc.vamtam.com/tag/editorial/index.html]
[pixelpiernyc.vamtam.com/tag/editorial/feed/index.html]
[pixelpiernyc.vamtam.com/wp-content/uploads/elementor/css/post-97342672.css]
[pixelpiernyc.vamtam.com/2023/11/27/benefits-of-a-bespoke-wordpress-theme/feed/index.html]
[pixelpiernyc.vamtam.com/wp-json/wp/v2/posts/9734.json]
[pixelpiernyc.vamtam.com/wp-json/oembed/1.0/embed717c.json]
[pixelpiernyc.vamtam.com/2023/11/27/benefits-of-a-bespoke-wordpress-theme/index.html]
[pixelpiernyc.vamtam.com/wp-content/uploads/elementor/css/post-125422b4d.css]
[pixelpiernyc.vamtam.com/index02c2.html]
[pixelpiernyc.vamtam.com/wp-content/uploads/elementor/css/post-12545c374.css]
[pixelpiernyc.vamtam.com/index3798.html]
[pixelpiernyc.vamtam.com/wp-content/uploads/elementor/css/post-97543776.css]
[pixelpiernyc.vamtam.com/indexa426.html]
[pixelpiernyc.vamtam.com/wp-content/uploads/elementor/css/post-9751f593.css]
[pixelpiernyc.vamtam.com/index7e3c.html]
[pixelpiernyc.vamtam.com/wp-content/uploads/elementor/css/post-974870c9.css]
[pixelpiernyc.vamtam.com/index8cf3.html]
[pixelpiernyc.vamtam.com/wp-json/oembed/1.0/embedbff6]
[pixelpiernyc.vamtam.com/wp-json/wp/v2/tags/48.json]
[pixelpiernyc.vamtam.com/tag/wordpress-development/index.html]
[pixelpiernyc.vamtam.com/wp-content/uploads/elementor/css/post-974504cf.css]
[pixelpiernyc.vamtam.com/index7dc6.html]
[pixelpiernyc.vamtam.com/wp-content/uploads/elementor/css/post-974204a5.css]
[pixelpiernyc.vamtam.com/index2bbd.html]
[pixelpiernyc.vamtam.com/2023/11/27/team-spotlight-london-biedron-client-development-specialist/index.html]
[pixelpiernyc.vamtam.com/wp-content/plugins/elementor/assets/lib/font-awesome/css/regular.min52d5.css]
[pixelpiernyc.vamtam.com/wp-content/plugins/elementor/assets/lib/font-awesome/css/solid.min52d5.css]
[pixelpiernyc.vamtam.com/wp-content/plugins/elementor/assets/lib/eicons/css/elementor-icons.min2778.css]
[pixelpiernyc.vamtam.com/wp-content/uploads/elementor/custom-icons/theme-icons/style8a54.css]
[pixelpiernyc.vamtam.com/wp-content/plugins/elementor/assets/lib/font-awesome/css/all.min415f.css]
[pixelpiernyc.vamtam.com/wp-content/plugins/elementor/assets/lib/font-awesome/css/brands.min52d5.css]
[pixelpiernyc.vamtam.com/wp-content/themes/pixelpiernyc/vamtam/assets/css/dist/elementor/elementor-all1c9e.css]
[pixelpiernyc.vamtam.com/wp-content/uploads/elementor/css/post-97342672.css]
[pixelpiernyc.vamtam.com/indexd841.html]
[pixelpiernyc.vamtam.com/tag/wordpress-development/feed/index.html]
